Archive member included to satisfy reference by file (symbol)

c:/program files (x86)/atmel/studio/7.0/toolchain/avr8/avr8-gnu-toolchain/bin/../lib/gcc/avr/5.4.0/../../../../avr/lib/avrxmega6\libm.a(addsf3.o)
                              NHD0420Driver.o (__subsf3)
c:/program files (x86)/atmel/studio/7.0/toolchain/avr8/avr8-gnu-toolchain/bin/../lib/gcc/avr/5.4.0/../../../../avr/lib/avrxmega6\libm.a(addsf3x.o)
                              c:/program files (x86)/atmel/studio/7.0/toolchain/avr8/avr8-gnu-toolchain/bin/../lib/gcc/avr/5.4.0/../../../../avr/lib/avrxmega6\libm.a(addsf3.o) (__addsf3x)
c:/program files (x86)/atmel/studio/7.0/toolchain/avr8/avr8-gnu-toolchain/bin/../lib/gcc/avr/5.4.0/../../../../avr/lib/avrxmega6\libm.a(cmpsf2.o)
                              NHD0420Driver.o (__eqsf2)
c:/program files (x86)/atmel/studio/7.0/toolchain/avr8/avr8-gnu-toolchain/bin/../lib/gcc/avr/5.4.0/../../../../avr/lib/avrxmega6\libm.a(divsf3.o)
                              NHD0420Driver.o (__divsf3)
c:/program files (x86)/atmel/studio/7.0/toolchain/avr8/avr8-gnu-toolchain/bin/../lib/gcc/avr/5.4.0/../../../../avr/lib/avrxmega6\libm.a(divsf3x.o)
                              c:/program files (x86)/atmel/studio/7.0/toolchain/avr8/avr8-gnu-toolchain/bin/../lib/gcc/avr/5.4.0/../../../../avr/lib/avrxmega6\libm.a(divsf3.o) (__divsf3x)
c:/program files (x86)/atmel/studio/7.0/toolchain/avr8/avr8-gnu-toolchain/bin/../lib/gcc/avr/5.4.0/../../../../avr/lib/avrxmega6\libm.a(fixsfsi.o)
                              NHD0420Driver.o (__fixsfsi)
c:/program files (x86)/atmel/studio/7.0/toolchain/avr8/avr8-gnu-toolchain/bin/../lib/gcc/avr/5.4.0/../../../../avr/lib/avrxmega6\libm.a(fixunssfsi.o)
                              c:/program files (x86)/atmel/studio/7.0/toolchain/avr8/avr8-gnu-toolchain/bin/../lib/gcc/avr/5.4.0/../../../../avr/lib/avrxmega6\libm.a(fixsfsi.o) (__fixunssfsi)
c:/program files (x86)/atmel/studio/7.0/toolchain/avr8/avr8-gnu-toolchain/bin/../lib/gcc/avr/5.4.0/../../../../avr/lib/avrxmega6\libm.a(floatsisf.o)
                              NHD0420Driver.o (__floatsisf)
c:/program files (x86)/atmel/studio/7.0/toolchain/avr8/avr8-gnu-toolchain/bin/../lib/gcc/avr/5.4.0/../../../../avr/lib/avrxmega6\libm.a(fp_cmp.o)
                              c:/program files (x86)/atmel/studio/7.0/toolchain/avr8/avr8-gnu-toolchain/bin/../lib/gcc/avr/5.4.0/../../../../avr/lib/avrxmega6\libm.a(cmpsf2.o) (__fp_cmp)
c:/program files (x86)/atmel/studio/7.0/toolchain/avr8/avr8-gnu-toolchain/bin/../lib/gcc/avr/5.4.0/../../../../avr/lib/avrxmega6\libm.a(fp_inf.o)
                              c:/program files (x86)/atmel/studio/7.0/toolchain/avr8/avr8-gnu-toolchain/bin/../lib/gcc/avr/5.4.0/../../../../avr/lib/avrxmega6\libm.a(addsf3x.o) (__fp_inf)
c:/program files (x86)/atmel/studio/7.0/toolchain/avr8/avr8-gnu-toolchain/bin/../lib/gcc/avr/5.4.0/../../../../avr/lib/avrxmega6\libm.a(fp_nan.o)
                              c:/program files (x86)/atmel/studio/7.0/toolchain/avr8/avr8-gnu-toolchain/bin/../lib/gcc/avr/5.4.0/../../../../avr/lib/avrxmega6\libm.a(addsf3x.o) (__fp_nan)
c:/program files (x86)/atmel/studio/7.0/toolchain/avr8/avr8-gnu-toolchain/bin/../lib/gcc/avr/5.4.0/../../../../avr/lib/avrxmega6\libm.a(fp_pscA.o)
                              c:/program files (x86)/atmel/studio/7.0/toolchain/avr8/avr8-gnu-toolchain/bin/../lib/gcc/avr/5.4.0/../../../../avr/lib/avrxmega6\libm.a(addsf3x.o) (__fp_pscA)
c:/program files (x86)/atmel/studio/7.0/toolchain/avr8/avr8-gnu-toolchain/bin/../lib/gcc/avr/5.4.0/../../../../avr/lib/avrxmega6\libm.a(fp_pscB.o)
                              c:/program files (x86)/atmel/studio/7.0/toolchain/avr8/avr8-gnu-toolchain/bin/../lib/gcc/avr/5.4.0/../../../../avr/lib/avrxmega6\libm.a(addsf3x.o) (__fp_pscB)
c:/program files (x86)/atmel/studio/7.0/toolchain/avr8/avr8-gnu-toolchain/bin/../lib/gcc/avr/5.4.0/../../../../avr/lib/avrxmega6\libm.a(fp_round.o)
                              c:/program files (x86)/atmel/studio/7.0/toolchain/avr8/avr8-gnu-toolchain/bin/../lib/gcc/avr/5.4.0/../../../../avr/lib/avrxmega6\libm.a(addsf3.o) (__fp_round)
c:/program files (x86)/atmel/studio/7.0/toolchain/avr8/avr8-gnu-toolchain/bin/../lib/gcc/avr/5.4.0/../../../../avr/lib/avrxmega6\libm.a(fp_split3.o)
                              c:/program files (x86)/atmel/studio/7.0/toolchain/avr8/avr8-gnu-toolchain/bin/../lib/gcc/avr/5.4.0/../../../../avr/lib/avrxmega6\libm.a(addsf3x.o) (__fp_split3)
c:/program files (x86)/atmel/studio/7.0/toolchain/avr8/avr8-gnu-toolchain/bin/../lib/gcc/avr/5.4.0/../../../../avr/lib/avrxmega6\libm.a(fp_zero.o)
                              c:/program files (x86)/atmel/studio/7.0/toolchain/avr8/avr8-gnu-toolchain/bin/../lib/gcc/avr/5.4.0/../../../../avr/lib/avrxmega6\libm.a(addsf3x.o) (__fp_zero)
c:/program files (x86)/atmel/studio/7.0/toolchain/avr8/avr8-gnu-toolchain/bin/../lib/gcc/avr/5.4.0/../../../../avr/lib/avrxmega6\libm.a(gesf2.o)
                              NHD0420Driver.o (__gesf2)
c:/program files (x86)/atmel/studio/7.0/toolchain/avr8/avr8-gnu-toolchain/bin/../lib/gcc/avr/5.4.0/../../../../avr/lib/avrxmega6\libm.a(mulsf3.o)
                              NHD0420Driver.o (__mulsf3)
c:/program files (x86)/atmel/studio/7.0/toolchain/avr8/avr8-gnu-toolchain/bin/../lib/gcc/avr/5.4.0/../../../../avr/lib/avrxmega6\libm.a(mulsf3x.o)
                              c:/program files (x86)/atmel/studio/7.0/toolchain/avr8/avr8-gnu-toolchain/bin/../lib/gcc/avr/5.4.0/../../../../avr/lib/avrxmega6\libm.a(mulsf3.o) (__mulsf3x)
c:/program files (x86)/atmel/studio/7.0/toolchain/avr8/avr8-gnu-toolchain/bin/../lib/gcc/avr/5.4.0/avrxmega6\libgcc.a(_exit.o)
                              C:/Program Files (x86)/Atmel/Studio/7.0/Packs/Atmel/XMEGAA_DFP/1.1.68/gcc/dev/atxmega128a3u/avrxmega6/crtatxmega128a3u.o (exit)
c:/program files (x86)/atmel/studio/7.0/toolchain/avr8/avr8-gnu-toolchain/bin/../lib/gcc/avr/5.4.0/avrxmega6\libgcc.a(_tablejump2.o)
                              FreeRTOS/timers.o (__tablejump2__)
c:/program files (x86)/atmel/studio/7.0/toolchain/avr8/avr8-gnu-toolchain/bin/../lib/gcc/avr/5.4.0/avrxmega6\libgcc.a(_copy_data.o)
                              FreeRTOS/tasks.o (__do_copy_data)
c:/program files (x86)/atmel/studio/7.0/toolchain/avr8/avr8-gnu-toolchain/bin/../lib/gcc/avr/5.4.0/avrxmega6\libgcc.a(_clear_bss.o)
                              ButtonHandler.o (__do_clear_bss)
c:/program files (x86)/atmel/studio/7.0/toolchain/avr8/avr8-gnu-toolchain/bin/../lib/gcc/avr/5.4.0/../../../../avr/lib/avrxmega6\libc.a(memcpy.o)
                              FreeRTOS/queue.o (memcpy)
c:/program files (x86)/atmel/studio/7.0/toolchain/avr8/avr8-gnu-toolchain/bin/../lib/gcc/avr/5.4.0/../../../../avr/lib/avrxmega6\libc.a(memset.o)
                              FreeRTOS/tasks.o (memset)
c:/program files (x86)/atmel/studio/7.0/toolchain/avr8/avr8-gnu-toolchain/bin/../lib/gcc/avr/5.4.0/../../../../avr/lib/avrxmega6\libc.a(itoa_ncheck.o)
                              NHD0420Driver.o (__itoa_ncheck)
c:/program files (x86)/atmel/studio/7.0/toolchain/avr8/avr8-gnu-toolchain/bin/../lib/gcc/avr/5.4.0/../../../../avr/lib/avrxmega6\libc.a(utoa_ncheck.o)
                              c:/program files (x86)/atmel/studio/7.0/toolchain/avr8/avr8-gnu-toolchain/bin/../lib/gcc/avr/5.4.0/../../../../avr/lib/avrxmega6\libc.a(itoa_ncheck.o) (__utoa_common)
c:/program files (x86)/atmel/studio/7.0/toolchain/avr8/avr8-gnu-toolchain/bin/../lib/gcc/avr/5.4.0/../../../../avr/lib/avrxmega6\libc.a(strrev.o)
                              c:/program files (x86)/atmel/studio/7.0/toolchain/avr8/avr8-gnu-toolchain/bin/../lib/gcc/avr/5.4.0/../../../../avr/lib/avrxmega6\libc.a(utoa_ncheck.o) (strrev)

Allocating common symbols
Common symbol       size              file

displayLineQueue    0x2               NHD0420Driver.o
led3Task            0x2               main.o
loadkillerTask      0x2               main.o
egDisplayTiming     0x2               NHD0420Driver.o
intTaskSwitchPending
                    0x1               FreeRTOS/port.o
led1Task            0x2               main.o
led5Task            0x2               main.o
b1Status            0x1               ButtonHandler.o
b2Status            0x1               ButtonHandler.o
led2Task            0x2               main.o
led4Task            0x2               main.o
led7Task            0x2               main.o
led8Task            0x2               main.o
b3Status            0x1               ButtonHandler.o
led6Task            0x2               main.o
b4Status            0x1               ButtonHandler.o

Discarded input sections

 .data          0x00000000        0x0 C:/Program Files (x86)/Atmel/Studio/7.0/Packs/Atmel/XMEGAA_DFP/1.1.68/gcc/dev/atxmega128a3u/avrxmega6/crtatxmega128a3u.o
 .bss           0x00000000        0x0 C:/Program Files (x86)/Atmel/Studio/7.0/Packs/Atmel/XMEGAA_DFP/1.1.68/gcc/dev/atxmega128a3u/avrxmega6/crtatxmega128a3u.o
 .text          0x00000000        0x0 ButtonHandler.o
 .data          0x00000000        0x0 ButtonHandler.o
 .bss           0x00000000        0x0 ButtonHandler.o
 .text          0x00000000        0x0 driver/clksys_driver.o
 .data          0x00000000        0x0 driver/clksys_driver.o
 .bss           0x00000000        0x0 driver/clksys_driver.o
 .text.CLKSYS_RTC_ClockSource_Enable
                0x00000000       0x10 driver/clksys_driver.o
 .text.CLKSYS_AutoCalibration_Enable
                0x00000000       0x38 driver/clksys_driver.o
 .text.CLKSYS_XOSC_FailureDetection_Enable
                0x00000000        0xa driver/clksys_driver.o
 .text.CLKSYS_Configuration_Lock
                0x00000000        0xa driver/clksys_driver.o
 .text          0x00000000        0x0 driver/pmic_driver.o
 .data          0x00000000        0x0 driver/pmic_driver.o
 .bss           0x00000000        0x0 driver/pmic_driver.o
 .text.PMIC_SetVectorLocationToBoot
                0x00000000       0x10 driver/pmic_driver.o
 .text.PMIC_SetVectorLocationToApplication
                0x00000000       0x10 driver/pmic_driver.o
 .debug_info    0x00000000      0x1f8 driver/pmic_driver.o
 .debug_abbrev  0x00000000       0xc6 driver/pmic_driver.o
 .debug_aranges
                0x00000000       0x28 driver/pmic_driver.o
 .debug_ranges  0x00000000       0x18 driver/pmic_driver.o
 .debug_line    0x00000000      0x13e driver/pmic_driver.o
 .debug_str     0x00000000      0x2ef driver/pmic_driver.o
 .comment       0x00000000       0x31 driver/pmic_driver.o
 .debug_frame   0x00000000       0x34 driver/pmic_driver.o
 .text          0x00000000        0x0 driver/port_driver.o
 .data          0x00000000        0x0 driver/port_driver.o
 .bss           0x00000000        0x0 driver/port_driver.o
 .text.PORT_ConfigureInterrupt0
                0x00000000        0xe driver/port_driver.o
 .text.PORT_ConfigureInterrupt1
                0x00000000        0xe driver/port_driver.o
 .text.PORT_ConfigurePins
                0x00000000       0x32 driver/port_driver.o
 .text.PORT_MapVirtualPort0
                0x00000000        0xe driver/port_driver.o
 .text.PORT_MapVirtualPort1
                0x00000000        0xe driver/port_driver.o
 .text.PORT_MapVirtualPort2
                0x00000000        0xe driver/port_driver.o
 .text.PORT_MapVirtualPort3
                0x00000000        0xe driver/port_driver.o
 .debug_info    0x00000000      0x7fa driver/port_driver.o
 .debug_abbrev  0x00000000      0x134 driver/port_driver.o
 .debug_loc     0x00000000      0x1a7 driver/port_driver.o
 .debug_aranges
                0x00000000       0x50 driver/port_driver.o
 .debug_ranges  0x00000000       0x40 driver/port_driver.o
 .debug_line    0x00000000      0x1fd driver/port_driver.o
 .debug_str     0x00000000      0xf8a driver/port_driver.o
 .comment       0x00000000       0x31 driver/port_driver.o
 .debug_frame   0x00000000       0x90 driver/port_driver.o
 .text          0x00000000        0x0 driver/TC_driver.o
 .data          0x00000000        0x0 driver/TC_driver.o
 .bss           0x00000000        0x0 driver/TC_driver.o
 .text.TC1_ConfigClockSource
                0x00000000        0xc driver/TC_driver.o
 .text.TC1_ConfigWGM
                0x00000000        0xc driver/TC_driver.o
 .text.TC0_ConfigInputCapture
                0x00000000        0xe driver/TC_driver.o
 .text.TC1_ConfigInputCapture
                0x00000000        0xe driver/TC_driver.o
 .text.TC0_EnableCCChannels
                0x00000000        0xc driver/TC_driver.o
 .text.TC1_EnableCCChannels
                0x00000000        0xc driver/TC_driver.o
 .text.TC0_DisableCCChannels
                0x00000000        0xe driver/TC_driver.o
 .text.TC1_DisableCCChannels
                0x00000000        0xe driver/TC_driver.o
 .text.TC1_SetOverflowIntLevel
                0x00000000        0xc driver/TC_driver.o
 .text.TC0_SetErrorIntLevel
                0x00000000        0xc driver/TC_driver.o
 .text.TC1_SetErrorIntLevel
                0x00000000        0xc driver/TC_driver.o
 .text.TC0_SetCCAIntLevel
                0x00000000        0xc driver/TC_driver.o
 .text.TC1_SetCCAIntLevel
                0x00000000        0xc driver/TC_driver.o
 .text.TC0_SetCCBIntLevel
                0x00000000        0xc driver/TC_driver.o
 .text.TC1_SetCCBIntLevel
                0x00000000        0xc driver/TC_driver.o
 .text.TC0_SetCCCIntLevel
                0x00000000        0xc driver/TC_driver.o
 .text.TC0_SetCCDIntLevel
                0x00000000        0xc driver/TC_driver.o
 .text.TC0_Reset
                0x00000000        0xe driver/TC_driver.o
 .text.TC1_Reset
                0x00000000        0xe driver/TC_driver.o
 .text          0x00000000        0x0 errorHandler.o
 .data          0x00000000        0x0 errorHandler.o
 .bss           0x00000000        0x0 errorHandler.o
 .text.errorNonFatal
                0x00000000        0x2 errorHandler.o
 .text.error    0x00000000        0x4 errorHandler.o
 .text.vApplicationMallocFailedHook
                0x00000000        0x4 errorHandler.o
 .text          0x00000000        0x0 FreeRTOS/croutine.o
 .data          0x00000000        0x0 FreeRTOS/croutine.o
 .bss           0x00000000        0x0 FreeRTOS/croutine.o
 .text.xCoRoutineCreate
                0x00000000       0xf0 FreeRTOS/croutine.o
 .text.vCoRoutineAddToDelayedList
                0x00000000       0xac FreeRTOS/croutine.o
 .text.vCoRoutineSchedule
                0x00000000      0x262 FreeRTOS/croutine.o
 .text.xCoRoutineRemoveFromEventList
                0x00000000       0x4a FreeRTOS/croutine.o
 .bss.xPassedTicks
                0x00000000        0x4 FreeRTOS/croutine.o
 .bss.xLastTickCount
                0x00000000        0x4 FreeRTOS/croutine.o
 .bss.xCoRoutineTickCount
                0x00000000        0x4 FreeRTOS/croutine.o
 .bss.uxTopCoRoutineReadyPriority
                0x00000000        0x1 FreeRTOS/croutine.o
 .bss.pxCurrentCoRoutine
                0x00000000        0x2 FreeRTOS/croutine.o
 .bss.xPendingReadyCoRoutineList
                0x00000000        0xb FreeRTOS/croutine.o
 .bss.pxOverflowDelayedCoRoutineList
                0x00000000        0x2 FreeRTOS/croutine.o
 .bss.pxDelayedCoRoutineList
                0x00000000        0x2 FreeRTOS/croutine.o
 .bss.xDelayedCoRoutineList2
                0x00000000        0xb FreeRTOS/croutine.o
 .bss.xDelayedCoRoutineList1
                0x00000000        0xb FreeRTOS/croutine.o
 .bss.pxReadyCoRoutineLists
                0x00000000       0x16 FreeRTOS/croutine.o
 .debug_info    0x00000000      0x8a3 FreeRTOS/croutine.o
 .debug_abbrev  0x00000000      0x26f FreeRTOS/croutine.o
 .debug_loc     0x00000000      0x455 FreeRTOS/croutine.o
 .debug_aranges
                0x00000000       0x38 FreeRTOS/croutine.o
 .debug_ranges  0x00000000       0x40 FreeRTOS/croutine.o
 .debug_line    0x00000000      0x38e FreeRTOS/croutine.o
 .debug_str     0x00000000      0x65f FreeRTOS/croutine.o
 .comment       0x00000000       0x31 FreeRTOS/croutine.o
 .debug_frame   0x00000000       0xcc FreeRTOS/croutine.o
 .text          0x00000000        0x0 FreeRTOS/event_groups.o
 .data          0x00000000        0x0 FreeRTOS/event_groups.o
 .bss           0x00000000        0x0 FreeRTOS/event_groups.o
 .text.vEventGroupClearBitsCallback
                0x00000000        0x4 FreeRTOS/event_groups.o
 .text.xEventGroupClearBitsFromISR
                0x00000000       0x1c FreeRTOS/event_groups.o
 .text.xEventGroupGetBitsFromISR
                0x00000000       0x1e FreeRTOS/event_groups.o
 .text.xEventGroupSync
                0x00000000      0x180 FreeRTOS/event_groups.o
 .text.vEventGroupDelete
                0x00000000       0x30 FreeRTOS/event_groups.o
 .text.uxEventGroupGetNumber
                0x00000000        0xe FreeRTOS/event_groups.o
 .text.vEventGroupSetNumber
                0x00000000        0x6 FreeRTOS/event_groups.o
 .text          0x00000000        0x0 FreeRTOS/heap_1.o
 .data          0x00000000        0x0 FreeRTOS/heap_1.o
 .bss           0x00000000        0x0 FreeRTOS/heap_1.o
 .text.vPortInitialiseBlocks
                0x00000000        0xa FreeRTOS/heap_1.o
 .text.xPortGetFreeHeapSize
                0x00000000       0x12 FreeRTOS/heap_1.o
 .text          0x00000000        0x0 FreeRTOS/list.o
 .data          0x00000000        0x0 FreeRTOS/list.o
 .bss           0x00000000        0x0 FreeRTOS/list.o
 .text          0x00000000        0x0 FreeRTOS/port.o
 .data          0x00000000        0x0 FreeRTOS/port.o
 .bss           0x00000000        0x0 FreeRTOS/port.o
 .text.vPortEndScheduler
                0x00000000        0x2 FreeRTOS/port.o
 .text          0x00000000        0x0 FreeRTOS/queue.o
 .data          0x00000000        0x0 FreeRTOS/queue.o
 .bss           0x00000000        0x0 FreeRTOS/queue.o
 .text.xQueueGiveFromISR
                0x00000000       0x60 FreeRTOS/queue.o
 .text.xQueueSemaphoreTake
                0x00000000      0x12c FreeRTOS/queue.o
 .text.xQueuePeek
                0x00000000      0x144 FreeRTOS/queue.o
 .text.xQueueReceiveFromISR
                0x00000000       0x78 FreeRTOS/queue.o
 .text.xQueuePeekFromISR
                0x00000000       0x48 FreeRTOS/queue.o
 .text.uxQueueSpacesAvailable
                0x00000000       0x1e FreeRTOS/queue.o
 .text.uxQueueMessagesWaitingFromISR
                0x00000000        0x6 FreeRTOS/queue.o
 .text.vQueueDelete
                0x00000000        0x4 FreeRTOS/queue.o
 .text.uxQueueGetQueueNumber
                0x00000000        0x6 FreeRTOS/queue.o
 .text.vQueueSetQueueNumber
                0x00000000        0x6 FreeRTOS/queue.o
 .text.ucQueueGetQueueType
                0x00000000        0x6 FreeRTOS/queue.o
 .text.xQueueIsQueueEmptyFromISR
                0x00000000        0xc FreeRTOS/queue.o
 .text.xQueueIsQueueFullFromISR
                0x00000000        0xe FreeRTOS/queue.o
 .text.xQueueCRSend
                0x00000000       0xbe FreeRTOS/queue.o
 .text.xQueueCRReceive
                0x00000000       0xc4 FreeRTOS/queue.o
 .text.xQueueCRSendFromISR
                0x00000000       0x46 FreeRTOS/queue.o
 .text.xQueueCRReceiveFromISR
                0x00000000       0x7a FreeRTOS/queue.o
 .text          0x00000000        0x0 FreeRTOS/stream_buffer.o
 .data          0x00000000        0x0 FreeRTOS/stream_buffer.o
 .bss           0x00000000        0x0 FreeRTOS/stream_buffer.o
 .text.prvBytesInBuffer
                0x00000000       0x26 FreeRTOS/stream_buffer.o
 .text.prvWriteBytesToBuffer
                0x00000000       0x92 FreeRTOS/stream_buffer.o
 .text.prvWriteMessageToBuffer
                0x00000000       0x7e FreeRTOS/stream_buffer.o
 .text.prvReadBytesFromBuffer
                0x00000000       0x9e FreeRTOS/stream_buffer.o
 .text.prvReadMessageFromBuffer
                0x00000000       0x92 FreeRTOS/stream_buffer.o
 .text.xStreamBufferGenericCreate
                0x00000000       0x5c FreeRTOS/stream_buffer.o
 .text.vStreamBufferDelete
                0x00000000       0x16 FreeRTOS/stream_buffer.o
 .text.xStreamBufferReset
                0x00000000       0x54 FreeRTOS/stream_buffer.o
 .text.xStreamBufferSetTriggerLevel
                0x00000000       0x22 FreeRTOS/stream_buffer.o
 .text.xStreamBufferSpacesAvailable
                0x00000000       0x24 FreeRTOS/stream_buffer.o
 .text.xStreamBufferBytesAvailable
                0x00000000        0x4 FreeRTOS/stream_buffer.o
 .text.xStreamBufferSend
                0x00000000      0x164 FreeRTOS/stream_buffer.o
 .text.xStreamBufferSendFromISR
                0x00000000       0x92 FreeRTOS/stream_buffer.o
 .text.xStreamBufferReceive
                0x00000000      0x108 FreeRTOS/stream_buffer.o
 .text.xStreamBufferReceiveFromISR
                0x00000000       0x92 FreeRTOS/stream_buffer.o
 .text.xStreamBufferIsEmpty
                0x00000000       0x16 FreeRTOS/stream_buffer.o
 .text.xStreamBufferIsFull
                0x00000000       0x2c FreeRTOS/stream_buffer.o
 .text.xStreamBufferSendCompletedFromISR
                0x00000000       0x52 FreeRTOS/stream_buffer.o
 .text.xStreamBufferReceiveCompletedFromISR
                0x00000000       0x52 FreeRTOS/stream_buffer.o
 .text.uxStreamBufferGetStreamBufferNumber
                0x00000000        0x6 FreeRTOS/stream_buffer.o
 .text.vStreamBufferSetStreamBufferNumber
                0x00000000        0x6 FreeRTOS/stream_buffer.o
 .text.ucStreamBufferGetStreamBufferType
                0x00000000        0x8 FreeRTOS/stream_buffer.o
 .debug_info    0x00000000     0x13ca FreeRTOS/stream_buffer.o
 .debug_abbrev  0x00000000      0x287 FreeRTOS/stream_buffer.o
 .debug_loc     0x00000000     0x1a72 FreeRTOS/stream_buffer.o
 .debug_aranges
                0x00000000       0xc8 FreeRTOS/stream_buffer.o
 .debug_ranges  0x00000000       0xb8 FreeRTOS/stream_buffer.o
 .debug_line    0x00000000      0x7cc FreeRTOS/stream_buffer.o
 .debug_str     0x00000000      0x8e4 FreeRTOS/stream_buffer.o
 .comment       0x00000000       0x31 FreeRTOS/stream_buffer.o
 .debug_frame   0x00000000      0x3ec FreeRTOS/stream_buffer.o
 .text          0x00000000        0x0 FreeRTOS/tasks.o
 .data          0x00000000        0x0 FreeRTOS/tasks.o
 .bss           0x00000000        0x0 FreeRTOS/tasks.o
 .text.eTaskGetState
                0x00000000       0x62 FreeRTOS/tasks.o
 .text.vTaskPrioritySet
                0x00000000      0x100 FreeRTOS/tasks.o
 .text.xTaskResumeFromISR
                0x00000000       0x9e FreeRTOS/tasks.o
 .text.vTaskEndScheduler
                0x00000000       0x12 FreeRTOS/tasks.o
 .text.xTaskGetTickCountFromISR
                0x00000000       0x1c FreeRTOS/tasks.o
 .text.uxTaskGetNumberOfTasks
                0x00000000        0x6 FreeRTOS/tasks.o
 .text.pcTaskGetName
                0x00000000       0x10 FreeRTOS/tasks.o
 .text.vTaskDelayUntil
                0x00000000       0xbc FreeRTOS/tasks.o
 .text.vTaskSetTimeOutState
                0x00000000       0x34 FreeRTOS/tasks.o
 .text.uxTaskGetTaskNumber
                0x00000000        0xe FreeRTOS/tasks.o
 .text.vTaskSetTaskNumber
                0x00000000        0xa FreeRTOS/tasks.o
 .text.vTaskGetInfo
                0x00000000       0xc2 FreeRTOS/tasks.o
 .text.prvListTasksWithinSingleList
                0x00000000       0xb2 FreeRTOS/tasks.o
 .text.uxTaskGetSystemState
                0x00000000       0xc8 FreeRTOS/tasks.o
 .text.uxTaskGetStackHighWaterMark
                0x00000000       0x2c FreeRTOS/tasks.o
 .text.xTaskGetCurrentTaskHandle
                0x00000000        0xa FreeRTOS/tasks.o
 .text.ulTaskNotifyTake
                0x00000000       0xca FreeRTOS/tasks.o
 .text.xTaskNotifyWait
                0x00000000      0x12a FreeRTOS/tasks.o
 .text.xTaskGenericNotify
                0x00000000       0xfc FreeRTOS/tasks.o
 .text.xTaskGenericNotifyFromISR
                0x00000000      0x122 FreeRTOS/tasks.o
 .text.vTaskNotifyGiveFromISR
                0x00000000       0xb0 FreeRTOS/tasks.o
 .text.xTaskNotifyStateClear
                0x00000000       0x30 FreeRTOS/tasks.o
 .text          0x00000000        0x0 FreeRTOS/timers.o
 .data          0x00000000        0x0 FreeRTOS/timers.o
 .bss           0x00000000        0x0 FreeRTOS/timers.o
 .text.xTimerCreate
                0x00000000       0x70 FreeRTOS/timers.o
 .text.xTimerGetTimerDaemonTaskHandle
                0x00000000        0xa FreeRTOS/timers.o
 .text.xTimerGetPeriod
                0x00000000        0xc FreeRTOS/timers.o
 .text.xTimerGetExpiryTime
                0x00000000        0xc FreeRTOS/timers.o
 .text.pcTimerGetName
                0x00000000        0x8 FreeRTOS/timers.o
 .text.xTimerIsTimerActive
                0x00000000       0x26 FreeRTOS/timers.o
 .text.pvTimerGetTimerID
                0x00000000       0x1a FreeRTOS/timers.o
 .text.vTimerSetTimerID
                0x00000000       0x1a FreeRTOS/timers.o
 .text.xTimerPendFunctionCall
                0x00000000       0x6a FreeRTOS/timers.o
 .text.uxTimerGetTimerNumber
                0x00000000        0x6 FreeRTOS/timers.o
 .text.vTimerSetTimerNumber
                0x00000000        0x6 FreeRTOS/timers.o
 .text          0x00000000        0x0 init.o
 .data          0x00000000        0x0 init.o
 .bss           0x00000000        0x0 init.o
 .text          0x00000000        0x0 main.o
 .data          0x00000000        0x0 main.o
 .bss           0x00000000        0x0 main.o
 .text          0x00000000        0x0 mem_check.o
 .data          0x00000000        0x0 mem_check.o
 .bss           0x00000000        0x0 mem_check.o
 .text.get_mem_unused
                0x00000000       0x1a mem_check.o
 .text          0x00000000        0x0 NHD0420Driver.o
 .data          0x00000000        0x0 NHD0420Driver.o
 .bss           0x00000000        0x0 NHD0420Driver.o
 .text.setRS    0x00000000       0x14 NHD0420Driver.o
 .text.setRW    0x00000000       0x14 NHD0420Driver.o
 .text.setE     0x00000000       0x14 NHD0420Driver.o
 .text.displayHome
                0x00000000        0x6 NHD0420Driver.o
 .text._displayClear
                0x00000000       0x12 NHD0420Driver.o
 .text          0x00000000        0x0 utils.o
 .data          0x00000000        0x0 utils.o
 .bss           0x00000000        0x0 utils.o
 .text          0x00000000        0x0 c:/program files (x86)/atmel/studio/7.0/toolchain/avr8/avr8-gnu-toolchain/bin/../lib/gcc/avr/5.4.0/../../../../avr/lib/avrxmega6\libm.a(addsf3.o)
 .data          0x00000000        0x0 c:/program files (x86)/atmel/studio/7.0/toolchain/avr8/avr8-gnu-toolchain/bin/../lib/gcc/avr/5.4.0/../../../../avr/lib/avrxmega6\libm.a(addsf3.o)
 .bss           0x00000000        0x0 c:/program files (x86)/atmel/studio/7.0/toolchain/avr8/avr8-gnu-toolchain/bin/../lib/gcc/avr/5.4.0/../../../../avr/lib/avrxmega6\libm.a(addsf3.o)
 .text          0x00000000        0x0 c:/program files (x86)/atmel/studio/7.0/toolchain/avr8/avr8-gnu-toolchain/bin/../lib/gcc/avr/5.4.0/../../../../avr/lib/avrxmega6\libm.a(addsf3x.o)
 .data          0x00000000        0x0 c:/program files (x86)/atmel/studio/7.0/toolchain/avr8/avr8-gnu-toolchain/bin/../lib/gcc/avr/5.4.0/../../../../avr/lib/avrxmega6\libm.a(addsf3x.o)
 .bss           0x00000000        0x0 c:/program files (x86)/atmel/studio/7.0/toolchain/avr8/avr8-gnu-toolchain/bin/../lib/gcc/avr/5.4.0/../../../../avr/lib/avrxmega6\libm.a(addsf3x.o)
 .text          0x00000000        0x0 c:/program files (x86)/atmel/studio/7.0/toolchain/avr8/avr8-gnu-toolchain/bin/../lib/gcc/avr/5.4.0/../../../../avr/lib/avrxmega6\libm.a(cmpsf2.o)
 .data          0x00000000        0x0 c:/program files (x86)/atmel/studio/7.0/toolchain/avr8/avr8-gnu-toolchain/bin/../lib/gcc/avr/5.4.0/../../../../avr/lib/avrxmega6\libm.a(cmpsf2.o)
 .bss           0x00000000        0x0 c:/program files (x86)/atmel/studio/7.0/toolchain/avr8/avr8-gnu-toolchain/bin/../lib/gcc/avr/5.4.0/../../../../avr/lib/avrxmega6\libm.a(cmpsf2.o)
 .text          0x00000000        0x0 c:/program files (x86)/atmel/studio/7.0/toolchain/avr8/avr8-gnu-toolchain/bin/../lib/gcc/avr/5.4.0/../../../../avr/lib/avrxmega6\libm.a(divsf3.o)
 .data          0x00000000        0x0 c:/program files (x86)/atmel/studio/7.0/toolchain/avr8/avr8-gnu-toolchain/bin/../lib/gcc/avr/5.4.0/../../../../avr/lib/avrxmega6\libm.a(divsf3.o)
 .bss           0x00000000        0x0 c:/program files (x86)/atmel/studio/7.0/toolchain/avr8/avr8-gnu-toolchain/bin/../lib/gcc/avr/5.4.0/../../../../avr/lib/avrxmega6\libm.a(divsf3.o)
 .text          0x00000000        0x0 c:/program files (x86)/atmel/studio/7.0/toolchain/avr8/avr8-gnu-toolchain/bin/../lib/gcc/avr/5.4.0/../../../../avr/lib/avrxmega6\libm.a(divsf3x.o)
 .data          0x00000000        0x0 c:/program files (x86)/atmel/studio/7.0/toolchain/avr8/avr8-gnu-toolchain/bin/../lib/gcc/avr/5.4.0/../../../../avr/lib/avrxmega6\libm.a(divsf3x.o)
 .bss           0x00000000        0x0 c:/program files (x86)/atmel/studio/7.0/toolchain/avr8/avr8-gnu-toolchain/bin/../lib/gcc/avr/5.4.0/../../../../avr/lib/avrxmega6\libm.a(divsf3x.o)
 .text          0x00000000        0x0 c:/program files (x86)/atmel/studio/7.0/toolchain/avr8/avr8-gnu-toolchain/bin/../lib/gcc/avr/5.4.0/../../../../avr/lib/avrxmega6\libm.a(fixsfsi.o)
 .data          0x00000000        0x0 c:/program files (x86)/atmel/studio/7.0/toolchain/avr8/avr8-gnu-toolchain/bin/../lib/gcc/avr/5.4.0/../../../../avr/lib/avrxmega6\libm.a(fixsfsi.o)
 .bss           0x00000000        0x0 c:/program files (x86)/atmel/studio/7.0/toolchain/avr8/avr8-gnu-toolchain/bin/../lib/gcc/avr/5.4.0/../../../../avr/lib/avrxmega6\libm.a(fixsfsi.o)
 .text          0x00000000        0x0 c:/program files (x86)/atmel/studio/7.0/toolchain/avr8/avr8-gnu-toolchain/bin/../lib/gcc/avr/5.4.0/../../../../avr/lib/avrxmega6\libm.a(fixunssfsi.o)
 .data          0x00000000        0x0 c:/program files (x86)/atmel/studio/7.0/toolchain/avr8/avr8-gnu-toolchain/bin/../lib/gcc/avr/5.4.0/../../../../avr/lib/avrxmega6\libm.a(fixunssfsi.o)
 .bss           0x00000000        0x0 c:/program files (x86)/atmel/studio/7.0/toolchain/avr8/avr8-gnu-toolchain/bin/../lib/gcc/avr/5.4.0/../../../../avr/lib/avrxmega6\libm.a(fixunssfsi.o)
 .text          0x00000000        0x0 c:/program files (x86)/atmel/studio/7.0/toolchain/avr8/avr8-gnu-toolchain/bin/../lib/gcc/avr/5.4.0/../../../../avr/lib/avrxmega6\libm.a(floatsisf.o)
 .data          0x00000000        0x0 c:/program files (x86)/atmel/studio/7.0/toolchain/avr8/avr8-gnu-toolchain/bin/../lib/gcc/avr/5.4.0/../../../../avr/lib/avrxmega6\libm.a(floatsisf.o)
 .bss           0x00000000        0x0 c:/program files (x86)/atmel/studio/7.0/toolchain/avr8/avr8-gnu-toolchain/bin/../lib/gcc/avr/5.4.0/../../../../avr/lib/avrxmega6\libm.a(floatsisf.o)
 .text          0x00000000        0x0 c:/program files (x86)/atmel/studio/7.0/toolchain/avr8/avr8-gnu-toolchain/bin/../lib/gcc/avr/5.4.0/../../../../avr/lib/avrxmega6\libm.a(fp_cmp.o)
 .data          0x00000000        0x0 c:/program files (x86)/atmel/studio/7.0/toolchain/avr8/avr8-gnu-toolchain/bin/../lib/gcc/avr/5.4.0/../../../../avr/lib/avrxmega6\libm.a(fp_cmp.o)
 .bss           0x00000000        0x0 c:/program files (x86)/atmel/studio/7.0/toolchain/avr8/avr8-gnu-toolchain/bin/../lib/gcc/avr/5.4.0/../../../../avr/lib/avrxmega6\libm.a(fp_cmp.o)
 .text          0x00000000        0x0 c:/program files (x86)/atmel/studio/7.0/toolchain/avr8/avr8-gnu-toolchain/bin/../lib/gcc/avr/5.4.0/../../../../avr/lib/avrxmega6\libm.a(fp_inf.o)
 .data          0x00000000        0x0 c:/program files (x86)/atmel/studio/7.0/toolchain/avr8/avr8-gnu-toolchain/bin/../lib/gcc/avr/5.4.0/../../../../avr/lib/avrxmega6\libm.a(fp_inf.o)
 .bss           0x00000000        0x0 c:/program files (x86)/atmel/studio/7.0/toolchain/avr8/avr8-gnu-toolchain/bin/../lib/gcc/avr/5.4.0/../../../../avr/lib/avrxmega6\libm.a(fp_inf.o)
 .text          0x00000000        0x0 c:/program files (x86)/atmel/studio/7.0/toolchain/avr8/avr8-gnu-toolchain/bin/../lib/gcc/avr/5.4.0/../../../../avr/lib/avrxmega6\libm.a(fp_nan.o)
 .data          0x00000000        0x0 c:/program files (x86)/atmel/studio/7.0/toolchain/avr8/avr8-gnu-toolchain/bin/../lib/gcc/avr/5.4.0/../../../../avr/lib/avrxmega6\libm.a(fp_nan.o)
 .bss           0x00000000        0x0 c:/program files (x86)/atmel/studio/7.0/toolchain/avr8/avr8-gnu-toolchain/bin/../lib/gcc/avr/5.4.0/../../../../avr/lib/avrxmega6\libm.a(fp_nan.o)
 .text          0x00000000        0x0 c:/program files (x86)/atmel/studio/7.0/toolchain/avr8/avr8-gnu-toolchain/bin/../lib/gcc/avr/5.4.0/../../../../avr/lib/avrxmega6\libm.a(fp_pscA.o)
 .data          0x00000000        0x0 c:/program files (x86)/atmel/studio/7.0/toolchain/avr8/avr8-gnu-toolchain/bin/../lib/gcc/avr/5.4.0/../../../../avr/lib/avrxmega6\libm.a(fp_pscA.o)
 .bss           0x00000000        0x0 c:/program files (x86)/atmel/studio/7.0/toolchain/avr8/avr8-gnu-toolchain/bin/../lib/gcc/avr/5.4.0/../../../../avr/lib/avrxmega6\libm.a(fp_pscA.o)
 .text          0x00000000        0x0 c:/program files (x86)/atmel/studio/7.0/toolchain/avr8/avr8-gnu-toolchain/bin/../lib/gcc/avr/5.4.0/../../../../avr/lib/avrxmega6\libm.a(fp_pscB.o)
 .data          0x00000000        0x0 c:/program files (x86)/atmel/studio/7.0/toolchain/avr8/avr8-gnu-toolchain/bin/../lib/gcc/avr/5.4.0/../../../../avr/lib/avrxmega6\libm.a(fp_pscB.o)
 .bss           0x00000000        0x0 c:/program files (x86)/atmel/studio/7.0/toolchain/avr8/avr8-gnu-toolchain/bin/../lib/gcc/avr/5.4.0/../../../../avr/lib/avrxmega6\libm.a(fp_pscB.o)
 .text          0x00000000        0x0 c:/program files (x86)/atmel/studio/7.0/toolchain/avr8/avr8-gnu-toolchain/bin/../lib/gcc/avr/5.4.0/../../../../avr/lib/avrxmega6\libm.a(fp_round.o)
 .data          0x00000000        0x0 c:/program files (x86)/atmel/studio/7.0/toolchain/avr8/avr8-gnu-toolchain/bin/../lib/gcc/avr/5.4.0/../../../../avr/lib/avrxmega6\libm.a(fp_round.o)
 .bss           0x00000000        0x0 c:/program files (x86)/atmel/studio/7.0/toolchain/avr8/avr8-gnu-toolchain/bin/../lib/gcc/avr/5.4.0/../../../../avr/lib/avrxmega6\libm.a(fp_round.o)
 .text          0x00000000        0x0 c:/program files (x86)/atmel/studio/7.0/toolchain/avr8/avr8-gnu-toolchain/bin/../lib/gcc/avr/5.4.0/../../../../avr/lib/avrxmega6\libm.a(fp_split3.o)
 .data          0x00000000        0x0 c:/program files (x86)/atmel/studio/7.0/toolchain/avr8/avr8-gnu-toolchain/bin/../lib/gcc/avr/5.4.0/../../../../avr/lib/avrxmega6\libm.a(fp_split3.o)
 .bss           0x00000000        0x0 c:/program files (x86)/atmel/studio/7.0/toolchain/avr8/avr8-gnu-toolchain/bin/../lib/gcc/avr/5.4.0/../../../../avr/lib/avrxmega6\libm.a(fp_split3.o)
 .text          0x00000000        0x0 c:/program files (x86)/atmel/studio/7.0/toolchain/avr8/avr8-gnu-toolchain/bin/../lib/gcc/avr/5.4.0/../../../../avr/lib/avrxmega6\libm.a(fp_zero.o)
 .data          0x00000000        0x0 c:/program files (x86)/atmel/studio/7.0/toolchain/avr8/avr8-gnu-toolchain/bin/../lib/gcc/avr/5.4.0/../../../../avr/lib/avrxmega6\libm.a(fp_zero.o)
 .bss           0x00000000        0x0 c:/program files (x86)/atmel/studio/7.0/toolchain/avr8/avr8-gnu-toolchain/bin/../lib/gcc/avr/5.4.0/../../../../avr/lib/avrxmega6\libm.a(fp_zero.o)
 .text          0x00000000        0x0 c:/program files (x86)/atmel/studio/7.0/toolchain/avr8/avr8-gnu-toolchain/bin/../lib/gcc/avr/5.4.0/../../../../avr/lib/avrxmega6\libm.a(gesf2.o)
 .data          0x00000000        0x0 c:/program files (x86)/atmel/studio/7.0/toolchain/avr8/avr8-gnu-toolchain/bin/../lib/gcc/avr/5.4.0/../../../../avr/lib/avrxmega6\libm.a(gesf2.o)
 .bss           0x00000000        0x0 c:/program files (x86)/atmel/studio/7.0/toolchain/avr8/avr8-gnu-toolchain/bin/../lib/gcc/avr/5.4.0/../../../../avr/lib/avrxmega6\libm.a(gesf2.o)
 .text          0x00000000        0x0 c:/program files (x86)/atmel/studio/7.0/toolchain/avr8/avr8-gnu-toolchain/bin/../lib/gcc/avr/5.4.0/../../../../avr/lib/avrxmega6\libm.a(mulsf3.o)
 .data          0x00000000        0x0 c:/program files (x86)/atmel/studio/7.0/toolchain/avr8/avr8-gnu-toolchain/bin/../lib/gcc/avr/5.4.0/../../../../avr/lib/avrxmega6\libm.a(mulsf3.o)
 .bss           0x00000000        0x0 c:/program files (x86)/atmel/studio/7.0/toolchain/avr8/avr8-gnu-toolchain/bin/../lib/gcc/avr/5.4.0/../../../../avr/lib/avrxmega6\libm.a(mulsf3.o)
 .text          0x00000000        0x0 c:/program files (x86)/atmel/studio/7.0/toolchain/avr8/avr8-gnu-toolchain/bin/../lib/gcc/avr/5.4.0/../../../../avr/lib/avrxmega6\libm.a(mulsf3x.o)
 .data          0x00000000        0x0 c:/program files (x86)/atmel/studio/7.0/toolchain/avr8/avr8-gnu-toolchain/bin/../lib/gcc/avr/5.4.0/../../../../avr/lib/avrxmega6\libm.a(mulsf3x.o)
 .bss           0x00000000        0x0 c:/program files (x86)/atmel/studio/7.0/toolchain/avr8/avr8-gnu-toolchain/bin/../lib/gcc/avr/5.4.0/../../../../avr/lib/avrxmega6\libm.a(mulsf3x.o)
 .text          0x00000000        0x0 c:/program files (x86)/atmel/studio/7.0/toolchain/avr8/avr8-gnu-toolchain/bin/../lib/gcc/avr/5.4.0/avrxmega6\libgcc.a(_exit.o)
 .data          0x00000000        0x0 c:/program files (x86)/atmel/studio/7.0/toolchain/avr8/avr8-gnu-toolchain/bin/../lib/gcc/avr/5.4.0/avrxmega6\libgcc.a(_exit.o)
 .bss           0x00000000        0x0 c:/program files (x86)/atmel/studio/7.0/toolchain/avr8/avr8-gnu-toolchain/bin/../lib/gcc/avr/5.4.0/avrxmega6\libgcc.a(_exit.o)
 .text.libgcc.mul
                0x00000000        0x0 c:/program files (x86)/atmel/studio/7.0/toolchain/avr8/avr8-gnu-toolchain/bin/../lib/gcc/avr/5.4.0/avrxmega6\libgcc.a(_exit.o)
 .text.libgcc.div
                0x00000000        0x0 c:/program files (x86)/atmel/studio/7.0/toolchain/avr8/avr8-gnu-toolchain/bin/../lib/gcc/avr/5.4.0/avrxmega6\libgcc.a(_exit.o)
 .text.libgcc   0x00000000        0x0 c:/program files (x86)/atmel/studio/7.0/toolchain/avr8/avr8-gnu-toolchain/bin/../lib/gcc/avr/5.4.0/avrxmega6\libgcc.a(_exit.o)
 .text.libgcc.prologue
                0x00000000        0x0 c:/program files (x86)/atmel/studio/7.0/toolchain/avr8/avr8-gnu-toolchain/bin/../lib/gcc/avr/5.4.0/avrxmega6\libgcc.a(_exit.o)
 .text.libgcc.builtins
                0x00000000        0x0 c:/program files (x86)/atmel/studio/7.0/toolchain/avr8/avr8-gnu-toolchain/bin/../lib/gcc/avr/5.4.0/avrxmega6\libgcc.a(_exit.o)
 .text.libgcc.fmul
                0x00000000        0x0 c:/program files (x86)/atmel/studio/7.0/toolchain/avr8/avr8-gnu-toolchain/bin/../lib/gcc/avr/5.4.0/avrxmega6\libgcc.a(_exit.o)
 .text.libgcc.fixed
                0x00000000        0x0 c:/program files (x86)/atmel/studio/7.0/toolchain/avr8/avr8-gnu-toolchain/bin/../lib/gcc/avr/5.4.0/avrxmega6\libgcc.a(_exit.o)
 .text          0x00000000        0x0 c:/program files (x86)/atmel/studio/7.0/toolchain/avr8/avr8-gnu-toolchain/bin/../lib/gcc/avr/5.4.0/avrxmega6\libgcc.a(_tablejump2.o)
 .data          0x00000000        0x0 c:/program files (x86)/atmel/studio/7.0/toolchain/avr8/avr8-gnu-toolchain/bin/../lib/gcc/avr/5.4.0/avrxmega6\libgcc.a(_tablejump2.o)
 .bss           0x00000000        0x0 c:/program files (x86)/atmel/studio/7.0/toolchain/avr8/avr8-gnu-toolchain/bin/../lib/gcc/avr/5.4.0/avrxmega6\libgcc.a(_tablejump2.o)
 .text.libgcc.mul
                0x00000000        0x0 c:/program files (x86)/atmel/studio/7.0/toolchain/avr8/avr8-gnu-toolchain/bin/../lib/gcc/avr/5.4.0/avrxmega6\libgcc.a(_tablejump2.o)
 .text.libgcc.div
                0x00000000        0x0 c:/program files (x86)/atmel/studio/7.0/toolchain/avr8/avr8-gnu-toolchain/bin/../lib/gcc/avr/5.4.0/avrxmega6\libgcc.a(_tablejump2.o)
 .text.libgcc.prologue
                0x00000000        0x0 c:/program files (x86)/atmel/studio/7.0/toolchain/avr8/avr8-gnu-toolchain/bin/../lib/gcc/avr/5.4.0/avrxmega6\libgcc.a(_tablejump2.o)
 .text.libgcc.builtins
                0x00000000        0x0 c:/program files (x86)/atmel/studio/7.0/toolchain/avr8/avr8-gnu-toolchain/bin/../lib/gcc/avr/5.4.0/avrxmega6\libgcc.a(_tablejump2.o)
 .text.libgcc.fmul
                0x00000000        0x0 c:/program files (x86)/atmel/studio/7.0/toolchain/avr8/avr8-gnu-toolchain/bin/../lib/gcc/avr/5.4.0/avrxmega6\libgcc.a(_tablejump2.o)
 .text.libgcc.fixed
                0x00000000        0x0 c:/program files (x86)/atmel/studio/7.0/toolchain/avr8/avr8-gnu-toolchain/bin/../lib/gcc/avr/5.4.0/avrxmega6\libgcc.a(_tablejump2.o)
 .text          0x00000000        0x0 c:/program files (x86)/atmel/studio/7.0/toolchain/avr8/avr8-gnu-toolchain/bin/../lib/gcc/avr/5.4.0/avrxmega6\libgcc.a(_copy_data.o)
 .data          0x00000000        0x0 c:/program files (x86)/atmel/studio/7.0/toolchain/avr8/avr8-gnu-toolchain/bin/../lib/gcc/avr/5.4.0/avrxmega6\libgcc.a(_copy_data.o)
 .bss           0x00000000        0x0 c:/program files (x86)/atmel/studio/7.0/toolchain/avr8/avr8-gnu-toolchain/bin/../lib/gcc/avr/5.4.0/avrxmega6\libgcc.a(_copy_data.o)
 .text.libgcc.mul
                0x00000000        0x0 c:/program files (x86)/atmel/studio/7.0/toolchain/avr8/avr8-gnu-toolchain/bin/../lib/gcc/avr/5.4.0/avrxmega6\libgcc.a(_copy_data.o)
 .text.libgcc.div
                0x00000000        0x0 c:/program files (x86)/atmel/studio/7.0/toolchain/avr8/avr8-gnu-toolchain/bin/../lib/gcc/avr/5.4.0/avrxmega6\libgcc.a(_copy_data.o)
 .text.libgcc   0x00000000        0x0 c:/program files (x86)/atmel/studio/7.0/toolchain/avr8/avr8-gnu-toolchain/bin/../lib/gcc/avr/5.4.0/avrxmega6\libgcc.a(_copy_data.o)
 .text.libgcc.prologue
                0x00000000        0x0 c:/program files (x86)/atmel/studio/7.0/toolchain/avr8/avr8-gnu-toolchain/bin/../lib/gcc/avr/5.4.0/avrxmega6\libgcc.a(_copy_data.o)
 .text.libgcc.builtins
                0x00000000        0x0 c:/program files (x86)/atmel/studio/7.0/toolchain/avr8/avr8-gnu-toolchain/bin/../lib/gcc/avr/5.4.0/avrxmega6\libgcc.a(_copy_data.o)
 .text.libgcc.fmul
                0x00000000        0x0 c:/program files (x86)/atmel/studio/7.0/toolchain/avr8/avr8-gnu-toolchain/bin/../lib/gcc/avr/5.4.0/avrxmega6\libgcc.a(_copy_data.o)
 .text.libgcc.fixed
                0x00000000        0x0 c:/program files (x86)/atmel/studio/7.0/toolchain/avr8/avr8-gnu-toolchain/bin/../lib/gcc/avr/5.4.0/avrxmega6\libgcc.a(_copy_data.o)
 .text          0x00000000        0x0 c:/program files (x86)/atmel/studio/7.0/toolchain/avr8/avr8-gnu-toolchain/bin/../lib/gcc/avr/5.4.0/avrxmega6\libgcc.a(_clear_bss.o)
 .data          0x00000000        0x0 c:/program files (x86)/atmel/studio/7.0/toolchain/avr8/avr8-gnu-toolchain/bin/../lib/gcc/avr/5.4.0/avrxmega6\libgcc.a(_clear_bss.o)
 .bss           0x00000000        0x0 c:/program files (x86)/atmel/studio/7.0/toolchain/avr8/avr8-gnu-toolchain/bin/../lib/gcc/avr/5.4.0/avrxmega6\libgcc.a(_clear_bss.o)
 .text.libgcc.mul
                0x00000000        0x0 c:/program files (x86)/atmel/studio/7.0/toolchain/avr8/avr8-gnu-toolchain/bin/../lib/gcc/avr/5.4.0/avrxmega6\libgcc.a(_clear_bss.o)
 .text.libgcc.div
                0x00000000        0x0 c:/program files (x86)/atmel/studio/7.0/toolchain/avr8/avr8-gnu-toolchain/bin/../lib/gcc/avr/5.4.0/avrxmega6\libgcc.a(_clear_bss.o)
 .text.libgcc   0x00000000        0x0 c:/program files (x86)/atmel/studio/7.0/toolchain/avr8/avr8-gnu-toolchain/bin/../lib/gcc/avr/5.4.0/avrxmega6\libgcc.a(_clear_bss.o)
 .text.libgcc.prologue
                0x00000000        0x0 c:/program files (x86)/atmel/studio/7.0/toolchain/avr8/avr8-gnu-toolchain/bin/../lib/gcc/avr/5.4.0/avrxmega6\libgcc.a(_clear_bss.o)
 .text.libgcc.builtins
                0x00000000        0x0 c:/program files (x86)/atmel/studio/7.0/toolchain/avr8/avr8-gnu-toolchain/bin/../lib/gcc/avr/5.4.0/avrxmega6\libgcc.a(_clear_bss.o)
 .text.libgcc.fmul
                0x00000000        0x0 c:/program files (x86)/atmel/studio/7.0/toolchain/avr8/avr8-gnu-toolchain/bin/../lib/gcc/avr/5.4.0/avrxmega6\libgcc.a(_clear_bss.o)
 .text.libgcc.fixed
                0x00000000        0x0 c:/program files (x86)/atmel/studio/7.0/toolchain/avr8/avr8-gnu-toolchain/bin/../lib/gcc/avr/5.4.0/avrxmega6\libgcc.a(_clear_bss.o)
 .text          0x00000000        0x0 c:/program files (x86)/atmel/studio/7.0/toolchain/avr8/avr8-gnu-toolchain/bin/../lib/gcc/avr/5.4.0/../../../../avr/lib/avrxmega6\libc.a(memcpy.o)
 .data          0x00000000        0x0 c:/program files (x86)/atmel/studio/7.0/toolchain/avr8/avr8-gnu-toolchain/bin/../lib/gcc/avr/5.4.0/../../../../avr/lib/avrxmega6\libc.a(memcpy.o)
 .bss           0x00000000        0x0 c:/program files (x86)/atmel/studio/7.0/toolchain/avr8/avr8-gnu-toolchain/bin/../lib/gcc/avr/5.4.0/../../../../avr/lib/avrxmega6\libc.a(memcpy.o)
 .text          0x00000000        0x0 c:/program files (x86)/atmel/studio/7.0/toolchain/avr8/avr8-gnu-toolchain/bin/../lib/gcc/avr/5.4.0/../../../../avr/lib/avrxmega6\libc.a(memset.o)
 .data          0x00000000        0x0 c:/program files (x86)/atmel/studio/7.0/toolchain/avr8/avr8-gnu-toolchain/bin/../lib/gcc/avr/5.4.0/../../../../avr/lib/avrxmega6\libc.a(memset.o)
 .bss           0x00000000        0x0 c:/program files (x86)/atmel/studio/7.0/toolchain/avr8/avr8-gnu-toolchain/bin/../lib/gcc/avr/5.4.0/../../../../avr/lib/avrxmega6\libc.a(memset.o)
 .text          0x00000000        0x0 c:/program files (x86)/atmel/studio/7.0/toolchain/avr8/avr8-gnu-toolchain/bin/../lib/gcc/avr/5.4.0/../../../../avr/lib/avrxmega6\libc.a(itoa_ncheck.o)
 .data          0x00000000        0x0 c:/program files (x86)/atmel/studio/7.0/toolchain/avr8/avr8-gnu-toolchain/bin/../lib/gcc/avr/5.4.0/../../../../avr/lib/avrxmega6\libc.a(itoa_ncheck.o)
 .bss           0x00000000        0x0 c:/program files (x86)/atmel/studio/7.0/toolchain/avr8/avr8-gnu-toolchain/bin/../lib/gcc/avr/5.4.0/../../../../avr/lib/avrxmega6\libc.a(itoa_ncheck.o)
 .text          0x00000000        0x0 c:/program files (x86)/atmel/studio/7.0/toolchain/avr8/avr8-gnu-toolchain/bin/../lib/gcc/avr/5.4.0/../../../../avr/lib/avrxmega6\libc.a(utoa_ncheck.o)
 .data          0x00000000        0x0 c:/program files (x86)/atmel/studio/7.0/toolchain/avr8/avr8-gnu-toolchain/bin/../lib/gcc/avr/5.4.0/../../../../avr/lib/avrxmega6\libc.a(utoa_ncheck.o)
 .bss           0x00000000        0x0 c:/program files (x86)/atmel/studio/7.0/toolchain/avr8/avr8-gnu-toolchain/bin/../lib/gcc/avr/5.4.0/../../../../avr/lib/avrxmega6\libc.a(utoa_ncheck.o)
 .text          0x00000000        0x0 c:/program files (x86)/atmel/studio/7.0/toolchain/avr8/avr8-gnu-toolchain/bin/../lib/gcc/avr/5.4.0/../../../../avr/lib/avrxmega6\libc.a(strrev.o)
 .data          0x00000000        0x0 c:/program files (x86)/atmel/studio/7.0/toolchain/avr8/avr8-gnu-toolchain/bin/../lib/gcc/avr/5.4.0/../../../../avr/lib/avrxmega6\libc.a(strrev.o)
 .bss           0x00000000        0x0 c:/program files (x86)/atmel/studio/7.0/toolchain/avr8/avr8-gnu-toolchain/bin/../lib/gcc/avr/5.4.0/../../../../avr/lib/avrxmega6\libc.a(strrev.o)

Memory Configuration

Name             Origin             Length             Attributes
text             0x00000000         0x00100000         xr
data             0x00802000         0x0000ffa0         rw !x
eeprom           0x00810000         0x00010000         rw !x
fuse             0x00820000         0x00000006         rw !x
lock             0x00830000         0x00000400         rw !x
signature        0x00840000         0x00000400         rw !x
user_signatures  0x00850000         0x00000400         rw !x
*default*        0x00000000         0xffffffff

Linker script and memory map

LOAD C:/Program Files (x86)/Atmel/Studio/7.0/Packs/Atmel/XMEGAA_DFP/1.1.68/gcc/dev/atxmega128a3u/avrxmega6/crtatxmega128a3u.o
LOAD ButtonHandler.o
LOAD driver/clksys_driver.o
LOAD driver/pmic_driver.o
LOAD driver/port_driver.o
LOAD driver/TC_driver.o
LOAD errorHandler.o
LOAD FreeRTOS/croutine.o
LOAD FreeRTOS/event_groups.o
LOAD FreeRTOS/heap_1.o
LOAD FreeRTOS/list.o
LOAD FreeRTOS/port.o
LOAD FreeRTOS/queue.o
LOAD FreeRTOS/stream_buffer.o
LOAD FreeRTOS/tasks.o
LOAD FreeRTOS/timers.o
LOAD init.o
LOAD main.o
LOAD mem_check.o
LOAD NHD0420Driver.o
LOAD utils.o
START GROUP
LOAD c:/program files (x86)/atmel/studio/7.0/toolchain/avr8/avr8-gnu-toolchain/bin/../lib/gcc/avr/5.4.0/../../../../avr/lib/avrxmega6\libm.a
END GROUP
START GROUP
LOAD c:/program files (x86)/atmel/studio/7.0/toolchain/avr8/avr8-gnu-toolchain/bin/../lib/gcc/avr/5.4.0/avrxmega6\libgcc.a
LOAD c:/program files (x86)/atmel/studio/7.0/toolchain/avr8/avr8-gnu-toolchain/bin/../lib/gcc/avr/5.4.0/../../../../avr/lib/avrxmega6\libm.a
LOAD c:/program files (x86)/atmel/studio/7.0/toolchain/avr8/avr8-gnu-toolchain/bin/../lib/gcc/avr/5.4.0/../../../../avr/lib/avrxmega6\libc.a
LOAD C:/Program Files (x86)/Atmel/Studio/7.0/Packs/Atmel/XMEGAA_DFP/1.1.68/gcc/dev/atxmega128a3u/avrxmega6\libatxmega128a3u.a
END GROUP
                0x00100000                __TEXT_REGION_LENGTH__ = DEFINED (__TEXT_REGION_LENGTH__)?__TEXT_REGION_LENGTH__:0x100000
                0x0000ffa0                __DATA_REGION_LENGTH__ = DEFINED (__DATA_REGION_LENGTH__)?__DATA_REGION_LENGTH__:0xffa0
                0x00010000                __EEPROM_REGION_LENGTH__ = DEFINED (__EEPROM_REGION_LENGTH__)?__EEPROM_REGION_LENGTH__:0x10000
                [0x00000006]                __FUSE_REGION_LENGTH__ = DEFINED (__FUSE_REGION_LENGTH__)?__FUSE_REGION_LENGTH__:0x400
                0x00000400                __LOCK_REGION_LENGTH__ = DEFINED (__LOCK_REGION_LENGTH__)?__LOCK_REGION_LENGTH__:0x400
                0x00000400                __SIGNATURE_REGION_LENGTH__ = DEFINED (__SIGNATURE_REGION_LENGTH__)?__SIGNATURE_REGION_LENGTH__:0x400
                0x00000400                __USER_SIGNATURE_REGION_LENGTH__ = DEFINED (__USER_SIGNATURE_REGION_LENGTH__)?__USER_SIGNATURE_REGION_LENGTH__:0x400

.hash
 *(.hash)

.dynsym
 *(.dynsym)

.dynstr
 *(.dynstr)

.gnu.version
 *(.gnu.version)

.gnu.version_d
 *(.gnu.version_d)

.gnu.version_r
 *(.gnu.version_r)

.rel.init
 *(.rel.init)

.rela.init
 *(.rela.init)

.rel.text
 *(.rel.text)
 *(.rel.text.*)
 *(.rel.gnu.linkonce.t*)

.rela.text
 *(.rela.text)
 *(.rela.text.*)
 *(.rela.gnu.linkonce.t*)

.rel.fini
 *(.rel.fini)

.rela.fini
 *(.rela.fini)

.rel.rodata
 *(.rel.rodata)
 *(.rel.rodata.*)
 *(.rel.gnu.linkonce.r*)

.rela.rodata
 *(.rela.rodata)
 *(.rela.rodata.*)
 *(.rela.gnu.linkonce.r*)

.rel.data
 *(.rel.data)
 *(.rel.data.*)
 *(.rel.gnu.linkonce.d*)

.rela.data
 *(.rela.data)
 *(.rela.data.*)
 *(.rela.gnu.linkonce.d*)

.rel.ctors
 *(.rel.ctors)

.rela.ctors
 *(.rela.ctors)

.rel.dtors
 *(.rel.dtors)

.rela.dtors
 *(.rela.dtors)

.rel.got
 *(.rel.got)

.rela.got
 *(.rela.got)

.rel.bss
 *(.rel.bss)

.rela.bss
 *(.rela.bss)

.rel.plt
 *(.rel.plt)

.rela.plt
 *(.rela.plt)

.text           0x00000000     0x3954
 *(.vectors)
 .vectors       0x00000000      0x1fc C:/Program Files (x86)/Atmel/Studio/7.0/Packs/Atmel/XMEGAA_DFP/1.1.68/gcc/dev/atxmega128a3u/avrxmega6/crtatxmega128a3u.o
                0x00000000                __vector_default
                0x00000000                __vectors
 *(.vectors)
 *(.progmem.gcc*)
 .progmem.gcc_sw_table.prvTimerTask
                0x000001fc       0x14 FreeRTOS/timers.o
                0x00000210                . = ALIGN (0x2)
                0x00000210                __trampolines_start = .
 *(.trampolines)
 .trampolines   0x00000210       0x4c linker stubs
 *(.trampolines*)
                0x0000025c                __trampolines_end = .
 *libprintf_flt.a:*(.progmem.data)
 *libc.a:*(.progmem.data)
 *(.progmem*)
                0x0000025c                . = ALIGN (0x2)
 *(.jumptables)
 *(.jumptables*)
 *(.lowtext)
 *(.lowtext*)
                0x0000025c                __ctors_start = .
 *(.ctors)
                0x0000025c                __ctors_end = .
                0x0000025c                __dtors_start = .
 *(.dtors)
                0x0000025c                __dtors_end = .
 SORT(*)(.ctors)
 SORT(*)(.dtors)
 *(.init0)
 .init0         0x0000025c        0x0 C:/Program Files (x86)/Atmel/Studio/7.0/Packs/Atmel/XMEGAA_DFP/1.1.68/gcc/dev/atxmega128a3u/avrxmega6/crtatxmega128a3u.o
                0x0000025c                __init
 *(.init0)
 *(.init1)
 *(.init1)
 *(.init2)
 .init2         0x0000025c       0x10 C:/Program Files (x86)/Atmel/Studio/7.0/Packs/Atmel/XMEGAA_DFP/1.1.68/gcc/dev/atxmega128a3u/avrxmega6/crtatxmega128a3u.o
 *(.init2)
 *(.init3)
 .init3         0x0000026c       0x10 mem_check.o
                0x0000026c                init_mem
 *(.init3)
 *(.init4)
 .init4         0x0000027c       0x1a c:/program files (x86)/atmel/studio/7.0/toolchain/avr8/avr8-gnu-toolchain/bin/../lib/gcc/avr/5.4.0/avrxmega6\libgcc.a(_copy_data.o)
                0x0000027c                __do_copy_data
 .init4         0x00000296       0x10 c:/program files (x86)/atmel/studio/7.0/toolchain/avr8/avr8-gnu-toolchain/bin/../lib/gcc/avr/5.4.0/avrxmega6\libgcc.a(_clear_bss.o)
                0x00000296                __do_clear_bss
 *(.init4)
 *(.init5)
 *(.init5)
 *(.init6)
 *(.init6)
 *(.init7)
 *(.init7)
 *(.init8)
 *(.init8)
 *(.init9)
 .init9         0x000002a6        0x8 C:/Program Files (x86)/Atmel/Studio/7.0/Packs/Atmel/XMEGAA_DFP/1.1.68/gcc/dev/atxmega128a3u/avrxmega6/crtatxmega128a3u.o
 *(.init9)
 *(.text)
 .text          0x000002ae        0x4 C:/Program Files (x86)/Atmel/Studio/7.0/Packs/Atmel/XMEGAA_DFP/1.1.68/gcc/dev/atxmega128a3u/avrxmega6/crtatxmega128a3u.o
                0x000002ae                __vector_38
                0x000002ae                __vector_104
                0x000002ae                __vector_22
                0x000002ae                __vector_63
                0x000002ae                __vector_28
                0x000002ae                __vector_67
                0x000002ae                __vector_1
                0x000002ae                __vector_119
                0x000002ae                __vector_32
                0x000002ae                __vector_75
                0x000002ae                __vector_71
                0x000002ae                __vector_91
                0x000002ae                __vector_34
                0x000002ae                __vector_62
                0x000002ae                __vector_77
                0x000002ae                __vector_102
                0x000002ae                __vector_24
                0x000002ae                __vector_12
                0x000002ae                __vector_55
                0x000002ae                __vector_69
                0x000002ae                __vector_81
                0x000002ae                __vector_90
                0x000002ae                __vector_46
                0x000002ae                __bad_interrupt
                0x000002ae                __vector_122
                0x000002ae                __vector_72
                0x000002ae                __vector_114
                0x000002ae                __vector_6
                0x000002ae                __vector_110
                0x000002ae                __vector_31
                0x000002ae                __vector_92
                0x000002ae                __vector_35
                0x000002ae                __vector_78
                0x000002ae                __vector_74
                0x000002ae                __vector_117
                0x000002ae                __vector_39
                0x000002ae                __vector_107
                0x000002ae                __vector_3
                0x000002ae                __vector_105
                0x000002ae                __vector_98
                0x000002ae                __vector_23
                0x000002ae                __vector_68
                0x000002ae                __vector_30
                0x000002ae                __vector_73
                0x000002ae                __vector_45
                0x000002ae                __vector_25
                0x000002ae                __vector_93
                0x000002ae                __vector_61
                0x000002ae                __vector_11
                0x000002ae                __vector_54
                0x000002ae                __vector_99
                0x000002ae                __vector_13
                0x000002ae                __vector_17
                0x000002ae                __vector_19
                0x000002ae                __vector_56
                0x000002ae                __vector_7
                0x000002ae                __vector_125
                0x000002ae                __vector_49
                0x000002ae                __vector_123
                0x000002ae                __vector_41
                0x000002ae                __vector_86
                0x000002ae                __vector_100
                0x000002ae                __vector_101
                0x000002ae                __vector_64
                0x000002ae                __vector_88
                0x000002ae                __vector_109
                0x000002ae                __vector_43
                0x000002ae                __vector_27
                0x000002ae                __vector_5
                0x000002ae                __vector_113
                0x000002ae                __vector_33
                0x000002ae                __vector_76
                0x000002ae                __vector_115
                0x000002ae                __vector_47
                0x000002ae                __vector_52
                0x000002ae                __vector_37
                0x000002ae                __vector_95
                0x000002ae                __vector_103
                0x000002ae                __vector_96
                0x000002ae                __vector_89
                0x000002ae                __vector_4
                0x000002ae                __vector_44
                0x000002ae                __vector_82
                0x000002ae                __vector_106
                0x000002ae                __vector_118
                0x000002ae                __vector_51
                0x000002ae                __vector_9
                0x000002ae                __vector_2
                0x000002ae                __vector_21
                0x000002ae                __vector_15
                0x000002ae                __vector_66
                0x000002ae                __vector_36
                0x000002ae                __vector_79
                0x000002ae                __vector_58
                0x000002ae                __vector_70
                0x000002ae                __vector_83
                0x000002ae                __vector_29
                0x000002ae                __vector_60
                0x000002ae                __vector_121
                0x000002ae                __vector_40
                0x000002ae                __vector_85
                0x000002ae                __vector_94
                0x000002ae                __vector_126
                0x000002ae                __vector_8
                0x000002ae                __vector_26
                0x000002ae                __vector_48
                0x000002ae                __vector_124
                0x000002ae                __vector_116
                0x000002ae                __vector_112
                0x000002ae                __vector_111
                0x000002ae                __vector_80
                0x000002ae                __vector_84
                0x000002ae                __vector_57
                0x000002ae                __vector_53
                0x000002ae                __vector_10
                0x000002ae                __vector_50
                0x000002ae                __vector_16
                0x000002ae                __vector_59
                0x000002ae                __vector_18
                0x000002ae                __vector_97
                0x000002ae                __vector_20
                0x000002ae                __vector_42
                0x000002ae                __vector_87
                0x000002ae                __vector_65
                0x000002ae                __vector_120
                0x000002b2                . = ALIGN (0x2)
 *(.text.*)
 .text.initButtons
                0x000002b2       0x16 ButtonHandler.o
                0x000002b2                initButtons
 .text.updateButtons
                0x000002c8      0x11a ButtonHandler.o
                0x000002c8                updateButtons
 .text.getButtonPress
                0x000003e2       0x2a ButtonHandler.o
                0x000003e2                getButtonPress
 .text.CCPWrite
                0x0000040c       0x2a driver/clksys_driver.o
                0x0000040c                CCPWrite
 .text.CLKSYS_XOSC_Config
                0x00000436       0x14 driver/clksys_driver.o
                0x00000436                CLKSYS_XOSC_Config
 .text.CLKSYS_PLL_Config
                0x0000044a        0xa driver/clksys_driver.o
                0x0000044a                CLKSYS_PLL_Config
 .text.CLKSYS_Disable
                0x00000454       0x14 driver/clksys_driver.o
                0x00000454                CLKSYS_Disable
 .text.CLKSYS_Prescalers_Config
                0x00000468        0xa driver/clksys_driver.o
                0x00000468                CLKSYS_Prescalers_Config
 .text.CLKSYS_Main_ClockSource_Select
                0x00000472       0x2a driver/clksys_driver.o
                0x00000472                CLKSYS_Main_ClockSource_Select
 .text.TC0_ConfigClockSource
                0x0000049c        0xc driver/TC_driver.o
                0x0000049c                TC0_ConfigClockSource
 .text.TC0_ConfigWGM
                0x000004a8        0xc driver/TC_driver.o
                0x000004a8                TC0_ConfigWGM
 .text.TC0_SetOverflowIntLevel
                0x000004b4        0xc driver/TC_driver.o
                0x000004b4                TC0_SetOverflowIntLevel
 .text.software_reset
                0x000004c0        0xe errorHandler.o
                0x000004c0                software_reset
 .text.vApplicationStackOverflowHook
                0x000004ce        0x4 errorHandler.o
                0x000004ce                vApplicationStackOverflowHook
 .text.xEventGroupCreate
                0x000004d2       0x2a FreeRTOS/event_groups.o
                0x000004d2                xEventGroupCreate
 .text.xEventGroupWaitBits
                0x000004fc      0x170 FreeRTOS/event_groups.o
                0x000004fc                xEventGroupWaitBits
 .text.xEventGroupClearBits
                0x0000066c       0x42 FreeRTOS/event_groups.o
                0x0000066c                xEventGroupClearBits
 .text.xEventGroupSetBits
                0x000006ae       0xfc FreeRTOS/event_groups.o
                0x000006ae                xEventGroupSetBits
 .text.vEventGroupSetBitsCallback
                0x000007aa        0x4 FreeRTOS/event_groups.o
                0x000007aa                vEventGroupSetBitsCallback
 .text.xEventGroupSetBitsFromISR
                0x000007ae       0x1a FreeRTOS/event_groups.o
                0x000007ae                xEventGroupSetBitsFromISR
 .text.pvPortMalloc
                0x000007c8       0x4c FreeRTOS/heap_1.o
                0x000007c8                pvPortMalloc
 .text.vPortFree
                0x00000814        0x2 FreeRTOS/heap_1.o
                0x00000814                vPortFree
 .text.vListInitialise
                0x00000816       0x22 FreeRTOS/list.o
                0x00000816                vListInitialise
 .text.vListInitialiseItem
                0x00000838        0x8 FreeRTOS/list.o
                0x00000838                vListInitialiseItem
 .text.vListInsertEnd
                0x00000840       0x42 FreeRTOS/list.o
                0x00000840                vListInsertEnd
 .text.vListInsert
                0x00000882       0x88 FreeRTOS/list.o
                0x00000882                vListInsert
 .text.uxListRemove
                0x0000090a       0x48 FreeRTOS/list.o
                0x0000090a                uxListRemove
 .text._portSetInterruptMaskFromIsr
                0x00000952        0xe FreeRTOS/port.o
                0x00000952                _portSetInterruptMaskFromIsr
 .text.pxPortInitialiseStack
                0x00000960       0xfe FreeRTOS/port.o
                0x00000960                pxPortInitialiseStack
 .text.xPortStartScheduler
                0x00000a5e       0x80 FreeRTOS/port.o
                0x00000a5e                xPortStartScheduler
 .text.vPortYield
                0x00000ade       0xc2 FreeRTOS/port.o
                0x00000ade                vPortYield
 .text.portTaskSwitchContext
                0x00000ba0       0x3e FreeRTOS/port.o
                0x00000ba0                portTaskSwitchContext
 .text.__vector_14
                0x00000bde       0xd2 FreeRTOS/port.o
                0x00000bde                __vector_14
 .text.prvIsQueueEmpty
                0x00000cb0       0x1e FreeRTOS/queue.o
 .text.prvIsQueueFull
                0x00000cce       0x26 FreeRTOS/queue.o
 .text.prvCopyDataToQueue
                0x00000cf4       0x90 FreeRTOS/queue.o
 .text.prvCopyDataFromQueue
                0x00000d84       0x34 FreeRTOS/queue.o
 .text.prvUnlockQueue
                0x00000db8       0x8c FreeRTOS/queue.o
 .text.xQueueGenericReset
                0x00000e44       0x7c FreeRTOS/queue.o
                0x00000e44                xQueueGenericReset
 .text.xQueueGenericCreate
                0x00000ec0       0x58 FreeRTOS/queue.o
                0x00000ec0                xQueueGenericCreate
 .text.xQueueGenericSend
                0x00000f18      0x13e FreeRTOS/queue.o
                0x00000f18                xQueueGenericSend
 .text.xQueueGenericSendFromISR
                0x00001056       0x7e FreeRTOS/queue.o
                0x00001056                xQueueGenericSendFromISR
 .text.xQueueReceive
                0x000010d4      0x144 FreeRTOS/queue.o
                0x000010d4                xQueueReceive
 .text.uxQueueMessagesWaiting
                0x00001218       0x18 FreeRTOS/queue.o
                0x00001218                uxQueueMessagesWaiting
 .text.vQueueWaitForMessageRestricted
                0x00001230       0x40 FreeRTOS/queue.o
                0x00001230                vQueueWaitForMessageRestricted
 .text.prvIdleTask
                0x00001270       0x12 FreeRTOS/tasks.o
 .text.prvResetNextTaskUnblockTime
                0x00001282       0x44 FreeRTOS/tasks.o
 .text.prvAddCurrentTaskToDelayedList
                0x000012c6      0x106 FreeRTOS/tasks.o
 .text.xTaskCreate
                0x000013cc      0x230 FreeRTOS/tasks.o
                0x000013cc                xTaskCreate
 .text.vTaskResume
                0x000015fc       0x9a FreeRTOS/tasks.o
                0x000015fc                vTaskResume
 .text.vTaskStartScheduler
                0x00001696       0x76 FreeRTOS/tasks.o
                0x00001696                vTaskStartScheduler
 .text.vTaskSuspendAll
                0x0000170c        0xc FreeRTOS/tasks.o
                0x0000170c                vTaskSuspendAll
 .text.xTaskGetTickCount
                0x00001718       0x24 FreeRTOS/tasks.o
                0x00001718                xTaskGetTickCount
 .text.xTaskIncrementTick
                0x0000173c      0x196 FreeRTOS/tasks.o
                0x0000173c                xTaskIncrementTick
 .text.xTaskResumeAll
                0x000018d2       0xe6 FreeRTOS/tasks.o
                0x000018d2                xTaskResumeAll
 .text.vTaskDelay
                0x000019b8       0x3a FreeRTOS/tasks.o
                0x000019b8                vTaskDelay
 .text.vTaskSwitchContext
                0x000019f2       0xf4 FreeRTOS/tasks.o
                0x000019f2                vTaskSwitchContext
 .text.vTaskSuspend
                0x00001ae6       0xbc FreeRTOS/tasks.o
                0x00001ae6                vTaskSuspend
 .text.vTaskPlaceOnEventList
                0x00001ba2       0x2e FreeRTOS/tasks.o
                0x00001ba2                vTaskPlaceOnEventList
 .text.vTaskPlaceOnUnorderedEventList
                0x00001bd0       0x48 FreeRTOS/tasks.o
                0x00001bd0                vTaskPlaceOnUnorderedEventList
 .text.vTaskPlaceOnEventListRestricted
                0x00001c18       0x40 FreeRTOS/tasks.o
                0x00001c18                vTaskPlaceOnEventListRestricted
 .text.xTaskRemoveFromEventList
                0x00001c58       0x80 FreeRTOS/tasks.o
                0x00001c58                xTaskRemoveFromEventList
 .text.vTaskRemoveFromUnorderedEventList
                0x00001cd8       0x68 FreeRTOS/tasks.o
                0x00001cd8                vTaskRemoveFromUnorderedEventList
 .text.vTaskInternalSetTimeOutState
                0x00001d40       0x22 FreeRTOS/tasks.o
                0x00001d40                vTaskInternalSetTimeOutState
 .text.xTaskCheckForTimeOut
                0x00001d62       0xb8 FreeRTOS/tasks.o
                0x00001d62                xTaskCheckForTimeOut
 .text.vTaskMissedYield
                0x00001e1a        0x8 FreeRTOS/tasks.o
                0x00001e1a                vTaskMissedYield
 .text.xTaskGetSchedulerState
                0x00001e22       0x1c FreeRTOS/tasks.o
                0x00001e22                xTaskGetSchedulerState
 .text.uxTaskResetEventItemValue
                0x00001e3e       0x6c FreeRTOS/tasks.o
                0x00001e3e                uxTaskResetEventItemValue
 .text.prvCheckForValidListAndQueue
                0x00001eaa       0x5a FreeRTOS/timers.o
 .text.prvInsertTimerInActiveList
                0x00001f04       0x88 FreeRTOS/timers.o
 .text.xTimerCreateTimerTask
                0x00001f8c       0x40 FreeRTOS/timers.o
                0x00001f8c                xTimerCreateTimerTask
 .text.xTimerGenericCommand
                0x00001fcc       0xa0 FreeRTOS/timers.o
                0x00001fcc                xTimerGenericCommand
 .text.prvSwitchTimerLists
                0x0000206c       0xd2 FreeRTOS/timers.o
 .text.prvTimerTask
                0x0000213e      0x28e FreeRTOS/timers.o
 .text.xTimerPendFunctionCallFromISR
                0x000023cc       0x4c FreeRTOS/timers.o
                0x000023cc                xTimerPendFunctionCallFromISR
 .text.vInitClock
                0x00002418       0x70 init.o
                0x00002418                vInitClock
 .text.vLoadKiller
                0x00002488        0x2 main.o
                0x00002488                vLoadKiller
 .text.vButtonManager
                0x0000248a      0x140 main.o
                0x0000248a                vButtonManager
 .text.vDisplayManager
                0x000025ca       0xb4 main.o
                0x000025ca                vDisplayManager
 .text.vLed1Handler
                0x0000267e       0x1e main.o
                0x0000267e                vLed1Handler
 .text.vLed2Handler
                0x0000269c       0x1e main.o
                0x0000269c                vLed2Handler
 .text.vLed3Handler
                0x000026ba       0x1e main.o
                0x000026ba                vLed3Handler
 .text.vLed4Handler
                0x000026d8       0x1e main.o
                0x000026d8                vLed4Handler
 .text.vLed5Handler
                0x000026f6       0x1e main.o
                0x000026f6                vLed5Handler
 .text.vLed6Handler
                0x00002714       0x1e main.o
                0x00002714                vLed6Handler
 .text.vLed7Handler
                0x00002732       0x1e main.o
                0x00002732                vLed7Handler
 .text.vLed8Handler
                0x00002750       0x1e main.o
                0x00002750                vLed8Handler
 .text.vApplicationIdleHook
                0x0000276e       0x40 main.o
                0x0000276e                vApplicationIdleHook
 .text.startup.main
                0x000027ae      0x1d0 main.o
                0x000027ae                main
 .text.__vector_108
                0x0000297e       0x86 NHD0420Driver.o
                0x0000297e                __vector_108
 .text.delayUS  0x00002a04       0xbe NHD0420Driver.o
                0x00002a04                delayUS
 .text.setPort  0x00002ac2       0x1a NHD0420Driver.o
                0x00002ac2                setPort
 .text.Nybble   0x00002adc       0x24 NHD0420Driver.o
                0x00002adc                Nybble
 .text.command  0x00002b00       0x2a NHD0420Driver.o
                0x00002b00                command
 .text.write    0x00002b2a       0x2a NHD0420Driver.o
                0x00002b2a                write
 .text.vInitDisplay
                0x00002b54       0x88 NHD0420Driver.o
                0x00002b54                vInitDisplay
 .text._displaySetPos
                0x00002bdc       0x3a NHD0420Driver.o
                0x00002bdc                _displaySetPos
 .text._displayWriteChar
                0x00002c16       0x10 NHD0420Driver.o
                0x00002c16                _displayWriteChar
 .text._displayWriteString
                0x00002c26       0x2a NHD0420Driver.o
                0x00002c26                _displayWriteString
 .text._displayWriteStringAtPos
                0x00002c50       0x14 NHD0420Driver.o
                0x00002c50                _displayWriteStringAtPos
 .text.vDisplayUpdateTask
                0x00002c64      0x1ae NHD0420Driver.o
                0x00002c64                vDisplayUpdateTask
 .text.vDisplayClear
                0x00002e12       0x14 NHD0420Driver.o
                0x00002e12                vDisplayClear
 .text.vDisplayWriteStringAtPos
                0x00002e26      0x5ca NHD0420Driver.o
                0x00002e26                vDisplayWriteStringAtPos
 .text.getResetReason
                0x000033f0       0x4a utils.o
                0x000033f0                getResetReason
 .text.avr-libc.fplib
                0x0000343a        0xe c:/program files (x86)/atmel/studio/7.0/toolchain/avr8/avr8-gnu-toolchain/bin/../lib/gcc/avr/5.4.0/../../../../avr/lib/avrxmega6\libm.a(addsf3.o)
                0x0000343a                __subsf3
                0x0000343c                __addsf3
 .text.avr-libc.fplib
                0x00003448       0xcc c:/program files (x86)/atmel/studio/7.0/toolchain/avr8/avr8-gnu-toolchain/bin/../lib/gcc/avr/5.4.0/../../../../avr/lib/avrxmega6\libm.a(addsf3x.o)
                0x0000346a                __addsf3x
 .text.avr-libc.fplib
                0x00003514        0xa c:/program files (x86)/atmel/studio/7.0/toolchain/avr8/avr8-gnu-toolchain/bin/../lib/gcc/avr/5.4.0/../../../../avr/lib/avrxmega6\libm.a(cmpsf2.o)
                0x00003514                __nesf2
                0x00003514                __eqsf2
                0x00003514                __cmpsf2
                0x00003514                __ltsf2
                0x00003514                __lesf2
 .text.avr-libc.fplib
                0x0000351e        0x8 c:/program files (x86)/atmel/studio/7.0/toolchain/avr8/avr8-gnu-toolchain/bin/../lib/gcc/avr/5.4.0/../../../../avr/lib/avrxmega6\libm.a(divsf3.o)
                0x0000351e                __divsf3
 .text.avr-libc.fplib
                0x00003526       0xdc c:/program files (x86)/atmel/studio/7.0/toolchain/avr8/avr8-gnu-toolchain/bin/../lib/gcc/avr/5.4.0/../../../../avr/lib/avrxmega6\libm.a(divsf3x.o)
                0x00003546                __divsf3x
                0x0000354c                __divsf3_pse
 .text.avr-libc.fplib
                0x00003602        0xe c:/program files (x86)/atmel/studio/7.0/toolchain/avr8/avr8-gnu-toolchain/bin/../lib/gcc/avr/5.4.0/../../../../avr/lib/avrxmega6\libm.a(fixsfsi.o)
                0x00003602                __fixsfsi
 .text.avr-libc.fplib
                0x00003610       0x5e c:/program files (x86)/atmel/studio/7.0/toolchain/avr8/avr8-gnu-toolchain/bin/../lib/gcc/avr/5.4.0/../../../../avr/lib/avrxmega6\libm.a(fixunssfsi.o)
                0x00003610                __fixunssfsi
 .text.avr-libc.fplib
                0x0000366e       0x7a c:/program files (x86)/atmel/studio/7.0/toolchain/avr8/avr8-gnu-toolchain/bin/../lib/gcc/avr/5.4.0/../../../../avr/lib/avrxmega6\libm.a(floatsisf.o)
                0x0000366e                __floatunsisf
                0x00003672                __floatsisf
 .text.avr-libc.fplib
                0x000036e8       0x48 c:/program files (x86)/atmel/studio/7.0/toolchain/avr8/avr8-gnu-toolchain/bin/../lib/gcc/avr/5.4.0/../../../../avr/lib/avrxmega6\libm.a(fp_cmp.o)
                0x000036e8                __fp_cmp
 .text.avr-libc.fplib
                0x00003730        0xc c:/program files (x86)/atmel/studio/7.0/toolchain/avr8/avr8-gnu-toolchain/bin/../lib/gcc/avr/5.4.0/../../../../avr/lib/avrxmega6\libm.a(fp_inf.o)
                0x00003730                __fp_inf
 .text.avr-libc.fplib
                0x0000373c        0x6 c:/program files (x86)/atmel/studio/7.0/toolchain/avr8/avr8-gnu-toolchain/bin/../lib/gcc/avr/5.4.0/../../../../avr/lib/avrxmega6\libm.a(fp_nan.o)
                0x0000373c                __fp_nan
 .text.avr-libc.fplib
                0x00003742        0xe c:/program files (x86)/atmel/studio/7.0/toolchain/avr8/avr8-gnu-toolchain/bin/../lib/gcc/avr/5.4.0/../../../../avr/lib/avrxmega6\libm.a(fp_pscA.o)
                0x00003742                __fp_pscA
 .text.avr-libc.fplib
                0x00003750        0xe c:/program files (x86)/atmel/studio/7.0/toolchain/avr8/avr8-gnu-toolchain/bin/../lib/gcc/avr/5.4.0/../../../../avr/lib/avrxmega6\libm.a(fp_pscB.o)
                0x00003750                __fp_pscB
 .text.avr-libc.fplib
                0x0000375e       0x22 c:/program files (x86)/atmel/studio/7.0/toolchain/avr8/avr8-gnu-toolchain/bin/../lib/gcc/avr/5.4.0/../../../../avr/lib/avrxmega6\libm.a(fp_round.o)
                0x0000375e                __fp_round
 .text.avr-libc.fplib
                0x00003780       0x44 c:/program files (x86)/atmel/studio/7.0/toolchain/avr8/avr8-gnu-toolchain/bin/../lib/gcc/avr/5.4.0/../../../../avr/lib/avrxmega6\libm.a(fp_split3.o)
                0x00003780                __fp_split3
                0x00003790                __fp_splitA
 .text.avr-libc.fplib
                0x000037c4        0xe c:/program files (x86)/atmel/studio/7.0/toolchain/avr8/avr8-gnu-toolchain/bin/../lib/gcc/avr/5.4.0/../../../../avr/lib/avrxmega6\libm.a(fp_zero.o)
                0x000037c4                __fp_zero
                0x000037c6                __fp_szero
 .text.avr-libc.fplib
                0x000037d2        0xa c:/program files (x86)/atmel/studio/7.0/toolchain/avr8/avr8-gnu-toolchain/bin/../lib/gcc/avr/5.4.0/../../../../avr/lib/avrxmega6\libm.a(gesf2.o)
                0x000037d2                __gesf2
                0x000037d2                __gtsf2
 .text.avr-libc.fplib
                0x000037dc        0x8 c:/program files (x86)/atmel/studio/7.0/toolchain/avr8/avr8-gnu-toolchain/bin/../lib/gcc/avr/5.4.0/../../../../avr/lib/avrxmega6\libm.a(mulsf3.o)
                0x000037dc                __mulsf3
 .text.avr-libc.fplib
                0x000037e4       0xd2 c:/program files (x86)/atmel/studio/7.0/toolchain/avr8/avr8-gnu-toolchain/bin/../lib/gcc/avr/5.4.0/../../../../avr/lib/avrxmega6\libm.a(mulsf3x.o)
                0x00003802                __mulsf3x
                0x00003808                __mulsf3_pse
 .text.libgcc   0x000038b6       0x10 c:/program files (x86)/atmel/studio/7.0/toolchain/avr8/avr8-gnu-toolchain/bin/../lib/gcc/avr/5.4.0/avrxmega6\libgcc.a(_tablejump2.o)
                0x000038b6                __tablejump2__
 .text.avr-libc
                0x000038c6       0x12 c:/program files (x86)/atmel/studio/7.0/toolchain/avr8/avr8-gnu-toolchain/bin/../lib/gcc/avr/5.4.0/../../../../avr/lib/avrxmega6\libc.a(memcpy.o)
                0x000038c6                memcpy
 .text.avr-libc
                0x000038d8        0xe c:/program files (x86)/atmel/studio/7.0/toolchain/avr8/avr8-gnu-toolchain/bin/../lib/gcc/avr/5.4.0/../../../../avr/lib/avrxmega6\libc.a(memset.o)
                0x000038d8                memset
 .text.avr-libc
                0x000038e6       0x16 c:/program files (x86)/atmel/studio/7.0/toolchain/avr8/avr8-gnu-toolchain/bin/../lib/gcc/avr/5.4.0/../../../../avr/lib/avrxmega6\libc.a(itoa_ncheck.o)
                0x000038e6                __itoa_ncheck
 .text.avr-libc
                0x000038fc       0x34 c:/program files (x86)/atmel/studio/7.0/toolchain/avr8/avr8-gnu-toolchain/bin/../lib/gcc/avr/5.4.0/../../../../avr/lib/avrxmega6\libc.a(utoa_ncheck.o)
                0x000038fc                __utoa_ncheck
                0x000038fe                __utoa_common
 .text.avr-libc
                0x00003930       0x20 c:/program files (x86)/atmel/studio/7.0/toolchain/avr8/avr8-gnu-toolchain/bin/../lib/gcc/avr/5.4.0/../../../../avr/lib/avrxmega6\libc.a(strrev.o)
                0x00003930                strrev
                0x00003950                . = ALIGN (0x2)
 *(.fini9)
 .fini9         0x00003950        0x0 c:/program files (x86)/atmel/studio/7.0/toolchain/avr8/avr8-gnu-toolchain/bin/../lib/gcc/avr/5.4.0/avrxmega6\libgcc.a(_exit.o)
                0x00003950                _exit
                0x00003950                exit
 *(.fini9)
 *(.fini8)
 *(.fini8)
 *(.fini7)
 *(.fini7)
 *(.fini6)
 *(.fini6)
 *(.fini5)
 *(.fini5)
 *(.fini4)
 *(.fini4)
 *(.fini3)
 *(.fini3)
 *(.fini2)
 *(.fini2)
 *(.fini1)
 *(.fini1)
 *(.fini0)
 .fini0         0x00003950        0x4 c:/program files (x86)/atmel/studio/7.0/toolchain/avr8/avr8-gnu-toolchain/bin/../lib/gcc/avr/5.4.0/avrxmega6\libgcc.a(_exit.o)
 *(.fini0)
                0x00003954                _etext = .

.data           0x00802000       0xa0 load address 0x00003954
                0x00802000                PROVIDE (__data_start, .)
 *(.data)
 *(.data*)
 *(.rodata)
 *(.rodata*)
 .rodata.str1.1
                0x00802000        0x5 FreeRTOS/tasks.o
 .rodata.str1.1
                0x00802005        0x8 FreeRTOS/timers.o
 .rodata.str1.1
                0x0080200d       0x88 main.o
 .rodata.str1.1
                0x00802095        0xb NHD0420Driver.o
 *(.gnu.linkonce.d*)
                0x008020a0                . = ALIGN (0x2)
                0x008020a0                _edata = .
                0x008020a0                PROVIDE (__data_end, .)

.bss            0x008020a0     0x146b
                0x008020a0                PROVIDE (__bss_start, .)
 *(.bss)
 *(.bss*)
 .bss.b4Count.3832
                0x008020a0        0x2 ButtonHandler.o
 .bss.b3Count.3831
                0x008020a2        0x2 ButtonHandler.o
 .bss.b2Count.3830
                0x008020a4        0x2 ButtonHandler.o
 .bss.b1Count.3829
                0x008020a6        0x2 ButtonHandler.o
 .bss.xNextFreeByte
                0x008020a8        0x2 FreeRTOS/heap_1.o
 .bss.xHeap     0x008020aa     0x1388 FreeRTOS/heap_1.o
 .bss.uxSchedulerSuspended
                0x00803432        0x1 FreeRTOS/tasks.o
 .bss.xIdleTaskHandle
                0x00803433        0x2 FreeRTOS/tasks.o
 .bss.xNextTaskUnblockTime
                0x00803435        0x4 FreeRTOS/tasks.o
 .bss.uxTaskNumber
                0x00803439        0x1 FreeRTOS/tasks.o
 .bss.xNumOfOverflows
                0x0080343a        0x1 FreeRTOS/tasks.o
 .bss.xYieldPending
                0x0080343b        0x1 FreeRTOS/tasks.o
 .bss.uxPendedTicks
                0x0080343c        0x1 FreeRTOS/tasks.o
 .bss.xSchedulerRunning
                0x0080343d        0x1 FreeRTOS/tasks.o
 .bss.uxTopReadyPriority
                0x0080343e        0x1 FreeRTOS/tasks.o
 .bss.xTickCount
                0x0080343f        0x4 FreeRTOS/tasks.o
 .bss.uxCurrentNumberOfTasks
                0x00803443        0x1 FreeRTOS/tasks.o
 .bss.xSuspendedTaskList
                0x00803444        0xb FreeRTOS/tasks.o
 .bss.xPendingReadyList
                0x0080344f        0xb FreeRTOS/tasks.o
 .bss.pxOverflowDelayedTaskList
                0x0080345a        0x2 FreeRTOS/tasks.o
 .bss.pxDelayedTaskList
                0x0080345c        0x2 FreeRTOS/tasks.o
 .bss.xDelayedTaskList2
                0x0080345e        0xb FreeRTOS/tasks.o
 .bss.xDelayedTaskList1
                0x00803469        0xb FreeRTOS/tasks.o
 .bss.pxReadyTasksLists
                0x00803474       0x2c FreeRTOS/tasks.o
 .bss.pxCurrentTCB
                0x008034a0        0x2 FreeRTOS/tasks.o
                0x008034a0                pxCurrentTCB
 .bss.xLastTime.4745
                0x008034a2        0x4 FreeRTOS/timers.o
 .bss.xTimerTaskHandle
                0x008034a6        0x2 FreeRTOS/timers.o
 .bss.xTimerQueue
                0x008034a8        0x2 FreeRTOS/timers.o
 .bss.pxOverflowTimerList
                0x008034aa        0x2 FreeRTOS/timers.o
 .bss.pxCurrentTimerList
                0x008034ac        0x2 FreeRTOS/timers.o
 .bss.xActiveTimerList2
                0x008034ae        0xb FreeRTOS/timers.o
 .bss.xActiveTimerList1
                0x008034b9        0xb FreeRTOS/timers.o
 .bss.loadcounter
                0x008034c4        0x4 main.o
                0x008034c4                loadcounter
 .bss.str.4996  0x008034c8       0x14 NHD0420Driver.o
 .bss.buffer.4995
                0x008034dc       0x14 NHD0420Driver.o
 *(COMMON)
 COMMON         0x008034f0        0x4 ButtonHandler.o
                0x008034f0                b1Status
                0x008034f1                b2Status
                0x008034f2                b3Status
                0x008034f3                b4Status
 COMMON         0x008034f4        0x1 FreeRTOS/port.o
                0x008034f4                intTaskSwitchPending
 COMMON         0x008034f5       0x12 main.o
                0x008034f5                led3Task
                0x008034f7                loadkillerTask
                0x008034f9                led1Task
                0x008034fb                led5Task
                0x008034fd                led2Task
                0x008034ff                led4Task
                0x00803501                led7Task
                0x00803503                led8Task
                0x00803505                led6Task
 COMMON         0x00803507        0x4 NHD0420Driver.o
                0x00803507                displayLineQueue
                0x00803509                egDisplayTiming
                0x0080350b                PROVIDE (__bss_end, .)
                0x00003954                __data_load_start = LOADADDR (.data)
                0x000039f4                __data_load_end = (__data_load_start + SIZEOF (.data))

.noinit         0x0080350b        0x0
                [!provide]                PROVIDE (__noinit_start, .)
 *(.noinit*)
                [!provide]                PROVIDE (__noinit_end, .)
                0x0080350b                _end = .
                0x0080350b                PROVIDE (__heap_start, .)

.eeprom         0x00810000        0x0
 *(.eeprom*)
                0x00810000                __eeprom_end = .

.fuse
 *(.fuse)
 *(.lfuse)
 *(.hfuse)
 *(.efuse)

.lock
 *(.lock*)

.signature
 *(.signature*)

.user_signatures
 *(.user_signatures*)

.stab
 *(.stab)

.stabstr
 *(.stabstr)

.stab.excl
 *(.stab.excl)

.stab.exclstr
 *(.stab.exclstr)

.stab.index
 *(.stab.index)

.stab.indexstr
 *(.stab.indexstr)

.comment        0x00000000       0x30
 *(.comment)
 .comment       0x00000000       0x30 ButtonHandler.o
                                 0x31 (size before relaxing)
 .comment       0x00000030       0x31 driver/clksys_driver.o
 .comment       0x00000030       0x31 driver/TC_driver.o
 .comment       0x00000030       0x31 errorHandler.o
 .comment       0x00000030       0x31 FreeRTOS/event_groups.o
 .comment       0x00000030       0x31 FreeRTOS/heap_1.o
 .comment       0x00000030       0x31 FreeRTOS/list.o
 .comment       0x00000030       0x31 FreeRTOS/port.o
 .comment       0x00000030       0x31 FreeRTOS/queue.o
 .comment       0x00000030       0x31 FreeRTOS/tasks.o
 .comment       0x00000030       0x31 FreeRTOS/timers.o
 .comment       0x00000030       0x31 init.o
 .comment       0x00000030       0x31 main.o
 .comment       0x00000030       0x31 mem_check.o
 .comment       0x00000030       0x31 NHD0420Driver.o
 .comment       0x00000030       0x31 utils.o

.note.gnu.avr.deviceinfo
                0x00000000       0x40
 .note.gnu.avr.deviceinfo
                0x00000000       0x40 C:/Program Files (x86)/Atmel/Studio/7.0/Packs/Atmel/XMEGAA_DFP/1.1.68/gcc/dev/atxmega128a3u/avrxmega6/crtatxmega128a3u.o

.note.gnu.build-id
 *(.note.gnu.build-id)

.debug
 *(.debug)

.line
 *(.line)

.debug_srcinfo
 *(.debug_srcinfo)

.debug_sfnames
 *(.debug_sfnames)

.debug_aranges  0x00000000      0x7a8
 *(.debug_aranges)
 .debug_aranges
                0x00000000       0x30 ButtonHandler.o
 .debug_aranges
                0x00000030       0x68 driver/clksys_driver.o
 .debug_aranges
                0x00000098       0xc8 driver/TC_driver.o
 .debug_aranges
                0x00000160       0x40 errorHandler.o
 .debug_aranges
                0x000001a0       0x80 FreeRTOS/event_groups.o
 .debug_aranges
                0x00000220       0x38 FreeRTOS/heap_1.o
 .debug_aranges
                0x00000258       0x40 FreeRTOS/list.o
 .debug_aranges
                0x00000298       0x50 FreeRTOS/port.o
 .debug_aranges
                0x000002e8      0x100 FreeRTOS/queue.o
 .debug_aranges
                0x000003e8      0x180 FreeRTOS/tasks.o
 .debug_aranges
                0x00000568       0xa8 FreeRTOS/timers.o
 .debug_aranges
                0x00000610       0x20 init.o
 .debug_aranges
                0x00000630       0x80 main.o
 .debug_aranges
                0x000006b0       0x28 mem_check.o
 .debug_aranges
                0x000006d8       0xb0 NHD0420Driver.o
 .debug_aranges
                0x00000788       0x20 utils.o

.debug_pubnames
 *(.debug_pubnames)

.debug_info     0x00000000     0xead0
 *(.debug_info .gnu.linkonce.wi.*)
 .debug_info    0x00000000     0x3409 C:/Program Files (x86)/Atmel/Studio/7.0/Packs/Atmel/XMEGAA_DFP/1.1.68/gcc/dev/atxmega128a3u/avrxmega6/crtatxmega128a3u.o
 .debug_info    0x00003409      0x35d ButtonHandler.o
 .debug_info    0x00003766      0x670 driver/clksys_driver.o
 .debug_info    0x00003dd6     0x1335 driver/TC_driver.o
 .debug_info    0x0000510b      0x246 errorHandler.o
 .debug_info    0x00005351      0xc46 FreeRTOS/event_groups.o
 .debug_info    0x00005f97      0x1a0 FreeRTOS/heap_1.o
 .debug_info    0x00006137      0x2d5 FreeRTOS/list.o
 .debug_info    0x0000640c      0xb0d FreeRTOS/port.o
 .debug_info    0x00006f19     0x194e FreeRTOS/queue.o
 .debug_info    0x00008867     0x23e3 FreeRTOS/tasks.o
 .debug_info    0x0000ac4a     0x12e2 FreeRTOS/timers.o
 .debug_info    0x0000bf2c      0x339 init.o
 .debug_info    0x0000c265      0xc45 main.o
 .debug_info    0x0000ceaa       0xd0 mem_check.o
 .debug_info    0x0000cf7a     0x1a3c NHD0420Driver.o
 .debug_info    0x0000e9b6      0x11a utils.o

.debug_abbrev   0x00000000     0x4faf
 *(.debug_abbrev)
 .debug_abbrev  0x00000000     0x3148 C:/Program Files (x86)/Atmel/Studio/7.0/Packs/Atmel/XMEGAA_DFP/1.1.68/gcc/dev/atxmega128a3u/avrxmega6/crtatxmega128a3u.o
 .debug_abbrev  0x00003148      0x111 ButtonHandler.o
 .debug_abbrev  0x00003259      0x1ab driver/clksys_driver.o
 .debug_abbrev  0x00003404      0x187 driver/TC_driver.o
 .debug_abbrev  0x0000358b      0x172 errorHandler.o
 .debug_abbrev  0x000036fd      0x253 FreeRTOS/event_groups.o
 .debug_abbrev  0x00003950      0x136 FreeRTOS/heap_1.o
 .debug_abbrev  0x00003a86       0xff FreeRTOS/list.o
 .debug_abbrev  0x00003b85      0x2a7 FreeRTOS/port.o
 .debug_abbrev  0x00003e2c      0x2ec FreeRTOS/queue.o
 .debug_abbrev  0x00004118      0x38c FreeRTOS/tasks.o
 .debug_abbrev  0x000044a4      0x2f4 FreeRTOS/timers.o
 .debug_abbrev  0x00004798       0xd8 init.o
 .debug_abbrev  0x00004870      0x19a main.o
 .debug_abbrev  0x00004a0a       0x96 mem_check.o
 .debug_abbrev  0x00004aa0      0x461 NHD0420Driver.o
 .debug_abbrev  0x00004f01       0xae utils.o

.debug_line     0x00000000     0x4e2f
 *(.debug_line .debug_line.* .debug_line_end)
 .debug_line    0x00000000      0x39d C:/Program Files (x86)/Atmel/Studio/7.0/Packs/Atmel/XMEGAA_DFP/1.1.68/gcc/dev/atxmega128a3u/avrxmega6/crtatxmega128a3u.o
 .debug_line    0x0000039d      0x25f ButtonHandler.o
 .debug_line    0x000005fc      0x249 driver/clksys_driver.o
 .debug_line    0x00000845      0x2fc driver/TC_driver.o
 .debug_line    0x00000b41      0x187 errorHandler.o
 .debug_line    0x00000cc8      0x4cb FreeRTOS/event_groups.o
 .debug_line    0x00001193      0x14c FreeRTOS/heap_1.o
 .debug_line    0x000012df      0x1f0 FreeRTOS/list.o
 .debug_line    0x000014cf      0x37e FreeRTOS/port.o
 .debug_line    0x0000184d      0xcd1 FreeRTOS/queue.o
 .debug_line    0x0000251e     0x120f FreeRTOS/tasks.o
 .debug_line    0x0000372d      0x571 FreeRTOS/timers.o
 .debug_line    0x00003c9e      0x179 init.o
 .debug_line    0x00003e17      0x52a main.o
 .debug_line    0x00004341       0x72 mem_check.o
 .debug_line    0x000043b3      0x91a NHD0420Driver.o
 .debug_line    0x00004ccd      0x162 utils.o

.debug_frame    0x00000000     0x18d8
 *(.debug_frame)
 .debug_frame   0x00000000       0x44 ButtonHandler.o
 .debug_frame   0x00000044       0xdc driver/clksys_driver.o
 .debug_frame   0x00000120      0x174 driver/TC_driver.o
 .debug_frame   0x00000294       0x64 errorHandler.o
 .debug_frame   0x000002f8      0x23c FreeRTOS/event_groups.o
 .debug_frame   0x00000534       0x68 FreeRTOS/heap_1.o
 .debug_frame   0x0000059c       0x9c FreeRTOS/list.o
 .debug_frame   0x00000638       0xac FreeRTOS/port.o
 .debug_frame   0x000006e4      0x3fc FreeRTOS/queue.o
 .debug_frame   0x00000ae0      0x6d4 FreeRTOS/tasks.o
 .debug_frame   0x000011b4      0x28c FreeRTOS/timers.o
 .debug_frame   0x00001440       0x24 init.o
 .debug_frame   0x00001464      0x1a4 main.o
 .debug_frame   0x00001608       0x34 mem_check.o
 .debug_frame   0x0000163c      0x278 NHD0420Driver.o
 .debug_frame   0x000018b4       0x24 utils.o

.debug_str      0x00000000     0x577d
 *(.debug_str)
 .debug_str     0x00000000     0x223b C:/Program Files (x86)/Atmel/Studio/7.0/Packs/Atmel/XMEGAA_DFP/1.1.68/gcc/dev/atxmega128a3u/avrxmega6/crtatxmega128a3u.o
 .debug_str     0x0000223b      0x337 ButtonHandler.o
                                0x36b (size before relaxing)
 .debug_str     0x00002572      0x640 driver/clksys_driver.o
                                0x7e7 (size before relaxing)
 .debug_str     0x00002bb2      0xb24 driver/TC_driver.o
                                0xce4 (size before relaxing)
 .debug_str     0x000036d6      0x104 errorHandler.o
                                0x270 (size before relaxing)
 .debug_str     0x000037da      0x53a FreeRTOS/event_groups.o
                                0x76e (size before relaxing)
 .debug_str     0x00003d14       0x8a FreeRTOS/heap_1.o
                                0x245 (size before relaxing)
 .debug_str     0x00003d9e       0x90 FreeRTOS/list.o
                                0x2db (size before relaxing)
 .debug_str     0x00003e2e      0x141 FreeRTOS/port.o
                                0x86b (size before relaxing)
 .debug_str     0x00003f6f      0x543 FreeRTOS/queue.o
                                0x95c (size before relaxing)
 .debug_str     0x000044b2      0x992 FreeRTOS/tasks.o
                               0x102c (size before relaxing)
 .debug_str     0x00004e44      0x4d4 FreeRTOS/timers.o
                                0x907 (size before relaxing)
 .debug_str     0x00005318       0x17 init.o
                                0x52c (size before relaxing)
 .debug_str     0x0000532f      0x1e5 main.o
                                0x559 (size before relaxing)
 .debug_str     0x00005514       0x49 mem_check.o
                                0x1d0 (size before relaxing)
 .debug_str     0x0000555d      0x207 NHD0420Driver.o
                                0xad6 (size before relaxing)
 .debug_str     0x00005764       0x19 utils.o
                                0x25a (size before relaxing)

.debug_loc      0x00000000     0x8b7a
 *(.debug_loc)
 .debug_loc     0x00000000       0x85 ButtonHandler.o
 .debug_loc     0x00000085      0x2cf driver/clksys_driver.o
 .debug_loc     0x00000354      0x336 driver/TC_driver.o
 .debug_loc     0x0000068a       0x6d errorHandler.o
 .debug_loc     0x000006f7      0xfa0 FreeRTOS/event_groups.o
 .debug_loc     0x00001697       0xcf FreeRTOS/heap_1.o
 .debug_loc     0x00001766      0x1cd FreeRTOS/list.o
 .debug_loc     0x00001933      0x382 FreeRTOS/port.o
 .debug_loc     0x00001cb5     0x1cd3 FreeRTOS/queue.o
 .debug_loc     0x00003988     0x29d3 FreeRTOS/tasks.o
 .debug_loc     0x0000635b      0xeb7 FreeRTOS/timers.o
 .debug_loc     0x00007212      0x4aa main.o
 .debug_loc     0x000076bc       0x24 mem_check.o
 .debug_loc     0x000076e0     0x1433 NHD0420Driver.o
 .debug_loc     0x00008b13       0x67 utils.o

.debug_macinfo
 *(.debug_macinfo)

.debug_weaknames
 *(.debug_weaknames)

.debug_funcnames
 *(.debug_funcnames)

.debug_typenames
 *(.debug_typenames)

.debug_varnames
 *(.debug_varnames)

.debug_pubtypes
 *(.debug_pubtypes)

.debug_ranges   0x00000000      0x788
 *(.debug_ranges)
 .debug_ranges  0x00000000       0x20 ButtonHandler.o
 .debug_ranges  0x00000020       0x58 driver/clksys_driver.o
 .debug_ranges  0x00000078       0xb8 driver/TC_driver.o
 .debug_ranges  0x00000130       0x30 errorHandler.o
 .debug_ranges  0x00000160       0x90 FreeRTOS/event_groups.o
 .debug_ranges  0x000001f0       0x28 FreeRTOS/heap_1.o
 .debug_ranges  0x00000218       0x30 FreeRTOS/list.o
 .debug_ranges  0x00000248       0x40 FreeRTOS/port.o
 .debug_ranges  0x00000288       0xf0 FreeRTOS/queue.o
 .debug_ranges  0x00000378      0x1d0 FreeRTOS/tasks.o
 .debug_ranges  0x00000548       0x98 FreeRTOS/timers.o
 .debug_ranges  0x000005e0       0x10 init.o
 .debug_ranges  0x000005f0       0x70 main.o
 .debug_ranges  0x00000660       0x18 mem_check.o
 .debug_ranges  0x00000678      0x100 NHD0420Driver.o
 .debug_ranges  0x00000778       0x10 utils.o

.debug_macro
 *(.debug_macro)
OUTPUT(U_Taskmanagement.elf elf32-avr)
LOAD linker stubs
